

================================================================
== Vitis HLS Report for 'backward_input_2_1_ap_fixed_16_6_4_0_0_s'
================================================================
* Date:           Sun Nov  9 16:02:12 2025

* Version:        2024.1 (Build 5069499 on May 21 2024)
* Project:        eclair
* Solution:       solution (Vivado IP Flow Target)
* Product family: virtexuplus
* Target device:  xcvu13p-flga2577-2-e


================================================================
== Performance Estimates
================================================================
+ Timing: 
    * Summary: 
    +--------+---------+----------+------------+
    |  Clock |  Target | Estimated| Uncertainty|
    +--------+---------+----------+------------+
    |ap_clk  |  5.00 ns|  3.467 ns|     1.35 ns|
    +--------+---------+----------+------------+

+ Latency: 
    * Summary: 
    +---------+---------+-----------+-----------+-----+-----+---------+
    |  Latency (cycles) |   Latency (absolute)  |  Interval | Pipeline|
    |   min   |   max   |    min    |    max    | min | max |   Type  |
    +---------+---------+-----------+-----------+-----+-----+---------+
    |       12|       12|  60.000 ns|  60.000 ns|   12|   12|       no|
    +---------+---------+-----------+-----------+-----+-----+---------+

    + Detail: 
        * Instance: 
        +-----------------------------------------------------------------+-------------------------------------------------------+---------+---------+-----------+-----------+-----+-----+-----------------------------------------------+
        |                                                                 |                                                       |  Latency (cycles) |   Latency (absolute)  |  Interval |                    Pipeline                   |
        |                             Instance                            |                         Module                        |   min   |   max   |    min    |    max    | min | max |                      Type                     |
        +-----------------------------------------------------------------+-------------------------------------------------------+---------+---------+-----------+-----------+-----+-----+-----------------------------------------------+
        |grp_backward_input_2_1_ap_fixed_16_6_4_0_0_Pipeline_BWD_I_fu_76  |backward_input_2_1_ap_fixed_16_6_4_0_0_Pipeline_BWD_I  |       10|       10|  50.000 ns|  50.000 ns|    9|    9|  loop auto-rewind stp(delay=0 clock cycles(s))|
        +-----------------------------------------------------------------+-------------------------------------------------------+---------+---------+-----------+-----------+-----+-----+-----------------------------------------------+

        * Loop: 
        N/A



================================================================
== Utilization Estimates
================================================================
* Summary: 
+---------------------+---------+-------+---------+---------+------+
|         Name        | BRAM_18K|  DSP  |    FF   |   LUT   | URAM |
+---------------------+---------+-------+---------+---------+------+
|DSP                  |        -|      -|        -|        -|     -|
|Expression           |        -|      -|        0|       70|     -|
|FIFO                 |        -|      -|        -|        -|     -|
|Instance             |        -|      5|      339|     1882|     -|
|Memory               |        -|      -|        -|        -|     -|
|Multiplexer          |        -|      -|        0|       20|     -|
|Register             |        -|      -|       36|        -|     -|
+---------------------+---------+-------+---------+---------+------+
|Total                |        0|      5|      375|     1972|     0|
+---------------------+---------+-------+---------+---------+------+
|Available SLR        |     1344|   3072|   864000|   432000|   320|
+---------------------+---------+-------+---------+---------+------+
|Utilization SLR (%)  |        0|     ~0|       ~0|       ~0|     0|
+---------------------+---------+-------+---------+---------+------+
|Available            |     5376|  12288|  3456000|  1728000|  1280|
+---------------------+---------+-------+---------+---------+------+
|Utilization (%)      |        0|     ~0|       ~0|       ~0|     0|
+---------------------+---------+-------+---------+---------+------+

+ Detail: 
    * Instance: 
    +-----------------------------------------------------------------+-------------------------------------------------------+---------+----+-----+------+-----+
    |                             Instance                            |                         Module                        | BRAM_18K| DSP|  FF |  LUT | URAM|
    +-----------------------------------------------------------------+-------------------------------------------------------+---------+----+-----+------+-----+
    |grp_backward_input_2_1_ap_fixed_16_6_4_0_0_Pipeline_BWD_I_fu_76  |backward_input_2_1_ap_fixed_16_6_4_0_0_Pipeline_BWD_I  |        0|   4|  339|  1877|    0|
    |mul_16s_8ns_24_1_1_U37                                           |mul_16s_8ns_24_1_1                                     |        0|   1|    0|     5|    0|
    +-----------------------------------------------------------------+-------------------------------------------------------+---------+----+-----+------+-----+
    |Total                                                            |                                                       |        0|   5|  339|  1882|    0|
    +-----------------------------------------------------------------+-------------------------------------------------------+---------+----+-----+------+-----+

    * DSP: 
    N/A

    * Memory: 
    N/A

    * FIFO: 
    N/A

    * Expression: 
    +-----------------------+----------+----+---+----+------------+------------+
    |     Variable Name     | Operation| DSP| FF| LUT| Bitwidth P0| Bitwidth P1|
    +-----------------------+----------+----+---+----+------------+------------+
    |delta_1_fu_184_p2      |         +|   0|  0|  22|          15|          15|
    |and_ln102_1_fu_229_p2  |       and|   0|  0|   2|           1|           1|
    |and_ln102_fu_174_p2    |       and|   0|  0|   2|           1|           1|
    |icmp_ln102_fu_154_p2   |      icmp|   0|  0|  16|           9|           1|
    |or_ln102_1_fu_223_p2   |        or|   0|  0|   2|           1|           1|
    |or_ln102_2_fu_206_p2   |        or|   0|  0|   2|           1|           1|
    |or_ln102_fu_168_p2     |        or|   0|  0|   2|           1|           1|
    |delta_2_fu_235_p3      |    select|   0|  0|  16|           1|          15|
    |xor_ln102_1_fu_212_p2  |       xor|   0|  0|   2|           1|           1|
    |xor_ln102_2_fu_217_p2  |       xor|   0|  0|   2|           1|           2|
    |xor_ln102_fu_201_p2    |       xor|   0|  0|   2|           1|           2|
    +-----------------------+----------+----+---+----+------------+------------+
    |Total                  |          |   0|  0|  70|          33|          41|
    +-----------------------+----------+----+---+----+------------+------------+

    * Multiplexer: 
    +-----------+----+-----------+-----+-----------+
    |    Name   | LUT| Input Size| Bits| Total Bits|
    +-----------+----+-----------+-----+-----------+
    |ap_NS_fsm  |  20|          4|    1|          4|
    +-----------+----+-----------+-----+-----------+
    |Total      |  20|          4|    1|          4|
    +-----------+----+-----------+-----+-----------+

    * Register: 
    +------------------------------------------------------------------------------+----+----+-----+-----------+
    |                                     Name                                     | FF | LUT| Bits| Const Bits|
    +------------------------------------------------------------------------------+----+----+-----+-----------+
    |ap_CS_fsm                                                                     |   3|   0|    3|          0|
    |delta_1_reg_271                                                               |  15|   0|   15|          0|
    |delta_2_reg_276                                                               |  16|   0|   16|          0|
    |grp_backward_input_2_1_ap_fixed_16_6_4_0_0_Pipeline_BWD_I_fu_76_ap_start_reg  |   1|   0|    1|          0|
    |tmp_reg_265                                                                   |   1|   0|    1|          0|
    +------------------------------------------------------------------------------+----+----+-----+-----------+
    |Total                                                                         |  36|   0|   36|          0|
    +------------------------------------------------------------------------------+----+----+-----+-----------+



================================================================
== Interface
================================================================
* Summary: 
+----------------------------------------------------------------------------------------+-----+-----+------------+-------------------------------------------------------------------------------+--------------+
|                                        RTL Ports                                       | Dir | Bits|  Protocol  |                                 Source Object                                 |    C Type    |
+----------------------------------------------------------------------------------------+-----+-----+------------+-------------------------------------------------------------------------------+--------------+
|ap_clk                                                                                  |   in|    1|  ap_ctrl_hs|                                backward_input<2, 1, ap_fixed<16, 6, 4, 0, 0> >|  return value|
|ap_rst                                                                                  |   in|    1|  ap_ctrl_hs|                                backward_input<2, 1, ap_fixed<16, 6, 4, 0, 0> >|  return value|
|ap_start                                                                                |   in|    1|  ap_ctrl_hs|                                backward_input<2, 1, ap_fixed<16, 6, 4, 0, 0> >|  return value|
|ap_done                                                                                 |  out|    1|  ap_ctrl_hs|                                backward_input<2, 1, ap_fixed<16, 6, 4, 0, 0> >|  return value|
|ap_idle                                                                                 |  out|    1|  ap_ctrl_hs|                                backward_input<2, 1, ap_fixed<16, 6, 4, 0, 0> >|  return value|
|ap_ready                                                                                |  out|    1|  ap_ctrl_hs|                                backward_input<2, 1, ap_fixed<16, 6, 4, 0, 0> >|  return value|
|dL_dy_val                                                                               |   in|   16|     ap_none|                                                                      dL_dy_val|        scalar|
|eclair_ap_fixed_const_ap_fixed_ap_fixed_16_6_4_0_0_const_C_k_61_0                       |   in|    3|     ap_none|              eclair_ap_fixed_const_ap_fixed_ap_fixed_16_6_4_0_0_const_C_k_61_0|       pointer|
|eclair_ap_fixed_const_ap_fixed_ap_fixed_16_6_4_0_0_const_C_k_61_1                       |   in|    3|     ap_none|              eclair_ap_fixed_const_ap_fixed_ap_fixed_16_6_4_0_0_const_C_k_61_1|       pointer|
|eclair_ap_fixed_const_ap_fixed_ap_fixed_const_C_u_index_60_0                            |   in|    8|     ap_none|                   eclair_ap_fixed_const_ap_fixed_ap_fixed_const_C_u_index_60_0|       pointer|
|eclair_ap_fixed_const_ap_fixed_ap_fixed_const_C_u_index_60_1                            |   in|    8|     ap_none|                   eclair_ap_fixed_const_ap_fixed_ap_fixed_const_C_u_index_60_1|       pointer|
|p_ZZ6eclairPK8ap_fixedILi16ELi6EL9ap_q_mode4EL9ap_o_mode0ELi0EEPS2_S4_E1P_0_0_address0  |  out|    1|   ap_memory|  p_ZZ6eclairPK8ap_fixedILi16ELi6EL9ap_q_mode4EL9ap_o_mode0ELi0EEPS2_S4_E1P_0_0|         array|
|p_ZZ6eclairPK8ap_fixedILi16ELi6EL9ap_q_mode4EL9ap_o_mode0ELi0EEPS2_S4_E1P_0_0_ce0       |  out|    1|   ap_memory|  p_ZZ6eclairPK8ap_fixedILi16ELi6EL9ap_q_mode4EL9ap_o_mode0ELi0EEPS2_S4_E1P_0_0|         array|
|p_ZZ6eclairPK8ap_fixedILi16ELi6EL9ap_q_mode4EL9ap_o_mode0ELi0EEPS2_S4_E1P_0_0_q0        |   in|   16|   ap_memory|  p_ZZ6eclairPK8ap_fixedILi16ELi6EL9ap_q_mode4EL9ap_o_mode0ELi0EEPS2_S4_E1P_0_0|         array|
|p_ZZ6eclairPK8ap_fixedILi16ELi6EL9ap_q_mode4EL9ap_o_mode0ELi0EEPS2_S4_E1P_0_0_address1  |  out|    1|   ap_memory|  p_ZZ6eclairPK8ap_fixedILi16ELi6EL9ap_q_mode4EL9ap_o_mode0ELi0EEPS2_S4_E1P_0_0|         array|
|p_ZZ6eclairPK8ap_fixedILi16ELi6EL9ap_q_mode4EL9ap_o_mode0ELi0EEPS2_S4_E1P_0_0_ce1       |  out|    1|   ap_memory|  p_ZZ6eclairPK8ap_fixedILi16ELi6EL9ap_q_mode4EL9ap_o_mode0ELi0EEPS2_S4_E1P_0_0|         array|
|p_ZZ6eclairPK8ap_fixedILi16ELi6EL9ap_q_mode4EL9ap_o_mode0ELi0EEPS2_S4_E1P_0_0_we1       |  out|    1|   ap_memory|  p_ZZ6eclairPK8ap_fixedILi16ELi6EL9ap_q_mode4EL9ap_o_mode0ELi0EEPS2_S4_E1P_0_0|         array|
|p_ZZ6eclairPK8ap_fixedILi16ELi6EL9ap_q_mode4EL9ap_o_mode0ELi0EEPS2_S4_E1P_0_0_d1        |  out|   16|   ap_memory|  p_ZZ6eclairPK8ap_fixedILi16ELi6EL9ap_q_mode4EL9ap_o_mode0ELi0EEPS2_S4_E1P_0_0|         array|
|p_ZZ6eclairPK8ap_fixedILi16ELi6EL9ap_q_mode4EL9ap_o_mode0ELi0EEPS2_S4_E1P_0_1_address0  |  out|    1|   ap_memory|  p_ZZ6eclairPK8ap_fixedILi16ELi6EL9ap_q_mode4EL9ap_o_mode0ELi0EEPS2_S4_E1P_0_1|         array|
|p_ZZ6eclairPK8ap_fixedILi16ELi6EL9ap_q_mode4EL9ap_o_mode0ELi0EEPS2_S4_E1P_0_1_ce0       |  out|    1|   ap_memory|  p_ZZ6eclairPK8ap_fixedILi16ELi6EL9ap_q_mode4EL9ap_o_mode0ELi0EEPS2_S4_E1P_0_1|         array|
|p_ZZ6eclairPK8ap_fixedILi16ELi6EL9ap_q_mode4EL9ap_o_mode0ELi0EEPS2_S4_E1P_0_1_q0        |   in|   16|   ap_memory|  p_ZZ6eclairPK8ap_fixedILi16ELi6EL9ap_q_mode4EL9ap_o_mode0ELi0EEPS2_S4_E1P_0_1|         array|
|p_ZZ6eclairPK8ap_fixedILi16ELi6EL9ap_q_mode4EL9ap_o_mode0ELi0EEPS2_S4_E1P_0_1_address1  |  out|    1|   ap_memory|  p_ZZ6eclairPK8ap_fixedILi16ELi6EL9ap_q_mode4EL9ap_o_mode0ELi0EEPS2_S4_E1P_0_1|         array|
|p_ZZ6eclairPK8ap_fixedILi16ELi6EL9ap_q_mode4EL9ap_o_mode0ELi0EEPS2_S4_E1P_0_1_ce1       |  out|    1|   ap_memory|  p_ZZ6eclairPK8ap_fixedILi16ELi6EL9ap_q_mode4EL9ap_o_mode0ELi0EEPS2_S4_E1P_0_1|         array|
|p_ZZ6eclairPK8ap_fixedILi16ELi6EL9ap_q_mode4EL9ap_o_mode0ELi0EEPS2_S4_E1P_0_1_we1       |  out|    1|   ap_memory|  p_ZZ6eclairPK8ap_fixedILi16ELi6EL9ap_q_mode4EL9ap_o_mode0ELi0EEPS2_S4_E1P_0_1|         array|
|p_ZZ6eclairPK8ap_fixedILi16ELi6EL9ap_q_mode4EL9ap_o_mode0ELi0EEPS2_S4_E1P_0_1_d1        |  out|   16|   ap_memory|  p_ZZ6eclairPK8ap_fixedILi16ELi6EL9ap_q_mode4EL9ap_o_mode0ELi0EEPS2_S4_E1P_0_1|         array|
|p_ZZ6eclairPK8ap_fixedILi16ELi6EL9ap_q_mode4EL9ap_o_mode0ELi0EEPS2_S4_E1P_0_2_address0  |  out|    1|   ap_memory|  p_ZZ6eclairPK8ap_fixedILi16ELi6EL9ap_q_mode4EL9ap_o_mode0ELi0EEPS2_S4_E1P_0_2|         array|
|p_ZZ6eclairPK8ap_fixedILi16ELi6EL9ap_q_mode4EL9ap_o_mode0ELi0EEPS2_S4_E1P_0_2_ce0       |  out|    1|   ap_memory|  p_ZZ6eclairPK8ap_fixedILi16ELi6EL9ap_q_mode4EL9ap_o_mode0ELi0EEPS2_S4_E1P_0_2|         array|
|p_ZZ6eclairPK8ap_fixedILi16ELi6EL9ap_q_mode4EL9ap_o_mode0ELi0EEPS2_S4_E1P_0_2_q0        |   in|   16|   ap_memory|  p_ZZ6eclairPK8ap_fixedILi16ELi6EL9ap_q_mode4EL9ap_o_mode0ELi0EEPS2_S4_E1P_0_2|         array|
|p_ZZ6eclairPK8ap_fixedILi16ELi6EL9ap_q_mode4EL9ap_o_mode0ELi0EEPS2_S4_E1P_0_2_address1  |  out|    1|   ap_memory|  p_ZZ6eclairPK8ap_fixedILi16ELi6EL9ap_q_mode4EL9ap_o_mode0ELi0EEPS2_S4_E1P_0_2|         array|
|p_ZZ6eclairPK8ap_fixedILi16ELi6EL9ap_q_mode4EL9ap_o_mode0ELi0EEPS2_S4_E1P_0_2_ce1       |  out|    1|   ap_memory|  p_ZZ6eclairPK8ap_fixedILi16ELi6EL9ap_q_mode4EL9ap_o_mode0ELi0EEPS2_S4_E1P_0_2|         array|
|p_ZZ6eclairPK8ap_fixedILi16ELi6EL9ap_q_mode4EL9ap_o_mode0ELi0EEPS2_S4_E1P_0_2_we1       |  out|    1|   ap_memory|  p_ZZ6eclairPK8ap_fixedILi16ELi6EL9ap_q_mode4EL9ap_o_mode0ELi0EEPS2_S4_E1P_0_2|         array|
|p_ZZ6eclairPK8ap_fixedILi16ELi6EL9ap_q_mode4EL9ap_o_mode0ELi0EEPS2_S4_E1P_0_2_d1        |  out|   16|   ap_memory|  p_ZZ6eclairPK8ap_fixedILi16ELi6EL9ap_q_mode4EL9ap_o_mode0ELi0EEPS2_S4_E1P_0_2|         array|
|p_ZZ6eclairPK8ap_fixedILi16ELi6EL9ap_q_mode4EL9ap_o_mode0ELi0EEPS2_S4_E1P_0_3_address0  |  out|    1|   ap_memory|  p_ZZ6eclairPK8ap_fixedILi16ELi6EL9ap_q_mode4EL9ap_o_mode0ELi0EEPS2_S4_E1P_0_3|         array|
|p_ZZ6eclairPK8ap_fixedILi16ELi6EL9ap_q_mode4EL9ap_o_mode0ELi0EEPS2_S4_E1P_0_3_ce0       |  out|    1|   ap_memory|  p_ZZ6eclairPK8ap_fixedILi16ELi6EL9ap_q_mode4EL9ap_o_mode0ELi0EEPS2_S4_E1P_0_3|         array|
|p_ZZ6eclairPK8ap_fixedILi16ELi6EL9ap_q_mode4EL9ap_o_mode0ELi0EEPS2_S4_E1P_0_3_q0        |   in|   16|   ap_memory|  p_ZZ6eclairPK8ap_fixedILi16ELi6EL9ap_q_mode4EL9ap_o_mode0ELi0EEPS2_S4_E1P_0_3|         array|
|p_ZZ6eclairPK8ap_fixedILi16ELi6EL9ap_q_mode4EL9ap_o_mode0ELi0EEPS2_S4_E1P_0_3_address1  |  out|    1|   ap_memory|  p_ZZ6eclairPK8ap_fixedILi16ELi6EL9ap_q_mode4EL9ap_o_mode0ELi0EEPS2_S4_E1P_0_3|         array|
|p_ZZ6eclairPK8ap_fixedILi16ELi6EL9ap_q_mode4EL9ap_o_mode0ELi0EEPS2_S4_E1P_0_3_ce1       |  out|    1|   ap_memory|  p_ZZ6eclairPK8ap_fixedILi16ELi6EL9ap_q_mode4EL9ap_o_mode0ELi0EEPS2_S4_E1P_0_3|         array|
|p_ZZ6eclairPK8ap_fixedILi16ELi6EL9ap_q_mode4EL9ap_o_mode0ELi0EEPS2_S4_E1P_0_3_we1       |  out|    1|   ap_memory|  p_ZZ6eclairPK8ap_fixedILi16ELi6EL9ap_q_mode4EL9ap_o_mode0ELi0EEPS2_S4_E1P_0_3|         array|
|p_ZZ6eclairPK8ap_fixedILi16ELi6EL9ap_q_mode4EL9ap_o_mode0ELi0EEPS2_S4_E1P_0_3_d1        |  out|   16|   ap_memory|  p_ZZ6eclairPK8ap_fixedILi16ELi6EL9ap_q_mode4EL9ap_o_mode0ELi0EEPS2_S4_E1P_0_3|         array|
|p_ZZ6eclairPK8ap_fixedILi16ELi6EL9ap_q_mode4EL9ap_o_mode0ELi0EEPS2_S4_E1P_1_0_address0  |  out|    1|   ap_memory|  p_ZZ6eclairPK8ap_fixedILi16ELi6EL9ap_q_mode4EL9ap_o_mode0ELi0EEPS2_S4_E1P_1_0|         array|
|p_ZZ6eclairPK8ap_fixedILi16ELi6EL9ap_q_mode4EL9ap_o_mode0ELi0EEPS2_S4_E1P_1_0_ce0       |  out|    1|   ap_memory|  p_ZZ6eclairPK8ap_fixedILi16ELi6EL9ap_q_mode4EL9ap_o_mode0ELi0EEPS2_S4_E1P_1_0|         array|
|p_ZZ6eclairPK8ap_fixedILi16ELi6EL9ap_q_mode4EL9ap_o_mode0ELi0EEPS2_S4_E1P_1_0_q0        |   in|   16|   ap_memory|  p_ZZ6eclairPK8ap_fixedILi16ELi6EL9ap_q_mode4EL9ap_o_mode0ELi0EEPS2_S4_E1P_1_0|         array|
|p_ZZ6eclairPK8ap_fixedILi16ELi6EL9ap_q_mode4EL9ap_o_mode0ELi0EEPS2_S4_E1P_1_0_address1  |  out|    1|   ap_memory|  p_ZZ6eclairPK8ap_fixedILi16ELi6EL9ap_q_mode4EL9ap_o_mode0ELi0EEPS2_S4_E1P_1_0|         array|
|p_ZZ6eclairPK8ap_fixedILi16ELi6EL9ap_q_mode4EL9ap_o_mode0ELi0EEPS2_S4_E1P_1_0_ce1       |  out|    1|   ap_memory|  p_ZZ6eclairPK8ap_fixedILi16ELi6EL9ap_q_mode4EL9ap_o_mode0ELi0EEPS2_S4_E1P_1_0|         array|
|p_ZZ6eclairPK8ap_fixedILi16ELi6EL9ap_q_mode4EL9ap_o_mode0ELi0EEPS2_S4_E1P_1_0_we1       |  out|    1|   ap_memory|  p_ZZ6eclairPK8ap_fixedILi16ELi6EL9ap_q_mode4EL9ap_o_mode0ELi0EEPS2_S4_E1P_1_0|         array|
|p_ZZ6eclairPK8ap_fixedILi16ELi6EL9ap_q_mode4EL9ap_o_mode0ELi0EEPS2_S4_E1P_1_0_d1        |  out|   16|   ap_memory|  p_ZZ6eclairPK8ap_fixedILi16ELi6EL9ap_q_mode4EL9ap_o_mode0ELi0EEPS2_S4_E1P_1_0|         array|
|p_ZZ6eclairPK8ap_fixedILi16ELi6EL9ap_q_mode4EL9ap_o_mode0ELi0EEPS2_S4_E1P_1_1_address0  |  out|    1|   ap_memory|  p_ZZ6eclairPK8ap_fixedILi16ELi6EL9ap_q_mode4EL9ap_o_mode0ELi0EEPS2_S4_E1P_1_1|         array|
|p_ZZ6eclairPK8ap_fixedILi16ELi6EL9ap_q_mode4EL9ap_o_mode0ELi0EEPS2_S4_E1P_1_1_ce0       |  out|    1|   ap_memory|  p_ZZ6eclairPK8ap_fixedILi16ELi6EL9ap_q_mode4EL9ap_o_mode0ELi0EEPS2_S4_E1P_1_1|         array|
|p_ZZ6eclairPK8ap_fixedILi16ELi6EL9ap_q_mode4EL9ap_o_mode0ELi0EEPS2_S4_E1P_1_1_q0        |   in|   16|   ap_memory|  p_ZZ6eclairPK8ap_fixedILi16ELi6EL9ap_q_mode4EL9ap_o_mode0ELi0EEPS2_S4_E1P_1_1|         array|
|p_ZZ6eclairPK8ap_fixedILi16ELi6EL9ap_q_mode4EL9ap_o_mode0ELi0EEPS2_S4_E1P_1_1_address1  |  out|    1|   ap_memory|  p_ZZ6eclairPK8ap_fixedILi16ELi6EL9ap_q_mode4EL9ap_o_mode0ELi0EEPS2_S4_E1P_1_1|         array|
|p_ZZ6eclairPK8ap_fixedILi16ELi6EL9ap_q_mode4EL9ap_o_mode0ELi0EEPS2_S4_E1P_1_1_ce1       |  out|    1|   ap_memory|  p_ZZ6eclairPK8ap_fixedILi16ELi6EL9ap_q_mode4EL9ap_o_mode0ELi0EEPS2_S4_E1P_1_1|         array|
|p_ZZ6eclairPK8ap_fixedILi16ELi6EL9ap_q_mode4EL9ap_o_mode0ELi0EEPS2_S4_E1P_1_1_we1       |  out|    1|   ap_memory|  p_ZZ6eclairPK8ap_fixedILi16ELi6EL9ap_q_mode4EL9ap_o_mode0ELi0EEPS2_S4_E1P_1_1|         array|
|p_ZZ6eclairPK8ap_fixedILi16ELi6EL9ap_q_mode4EL9ap_o_mode0ELi0EEPS2_S4_E1P_1_1_d1        |  out|   16|   ap_memory|  p_ZZ6eclairPK8ap_fixedILi16ELi6EL9ap_q_mode4EL9ap_o_mode0ELi0EEPS2_S4_E1P_1_1|         array|
|p_ZZ6eclairPK8ap_fixedILi16ELi6EL9ap_q_mode4EL9ap_o_mode0ELi0EEPS2_S4_E1P_1_2_address0  |  out|    1|   ap_memory|  p_ZZ6eclairPK8ap_fixedILi16ELi6EL9ap_q_mode4EL9ap_o_mode0ELi0EEPS2_S4_E1P_1_2|         array|
|p_ZZ6eclairPK8ap_fixedILi16ELi6EL9ap_q_mode4EL9ap_o_mode0ELi0EEPS2_S4_E1P_1_2_ce0       |  out|    1|   ap_memory|  p_ZZ6eclairPK8ap_fixedILi16ELi6EL9ap_q_mode4EL9ap_o_mode0ELi0EEPS2_S4_E1P_1_2|         array|
|p_ZZ6eclairPK8ap_fixedILi16ELi6EL9ap_q_mode4EL9ap_o_mode0ELi0EEPS2_S4_E1P_1_2_q0        |   in|   16|   ap_memory|  p_ZZ6eclairPK8ap_fixedILi16ELi6EL9ap_q_mode4EL9ap_o_mode0ELi0EEPS2_S4_E1P_1_2|         array|
|p_ZZ6eclairPK8ap_fixedILi16ELi6EL9ap_q_mode4EL9ap_o_mode0ELi0EEPS2_S4_E1P_1_2_address1  |  out|    1|   ap_memory|  p_ZZ6eclairPK8ap_fixedILi16ELi6EL9ap_q_mode4EL9ap_o_mode0ELi0EEPS2_S4_E1P_1_2|         array|
|p_ZZ6eclairPK8ap_fixedILi16ELi6EL9ap_q_mode4EL9ap_o_mode0ELi0EEPS2_S4_E1P_1_2_ce1       |  out|    1|   ap_memory|  p_ZZ6eclairPK8ap_fixedILi16ELi6EL9ap_q_mode4EL9ap_o_mode0ELi0EEPS2_S4_E1P_1_2|         array|
|p_ZZ6eclairPK8ap_fixedILi16ELi6EL9ap_q_mode4EL9ap_o_mode0ELi0EEPS2_S4_E1P_1_2_we1       |  out|    1|   ap_memory|  p_ZZ6eclairPK8ap_fixedILi16ELi6EL9ap_q_mode4EL9ap_o_mode0ELi0EEPS2_S4_E1P_1_2|         array|
|p_ZZ6eclairPK8ap_fixedILi16ELi6EL9ap_q_mode4EL9ap_o_mode0ELi0EEPS2_S4_E1P_1_2_d1        |  out|   16|   ap_memory|  p_ZZ6eclairPK8ap_fixedILi16ELi6EL9ap_q_mode4EL9ap_o_mode0ELi0EEPS2_S4_E1P_1_2|         array|
|p_ZZ6eclairPK8ap_fixedILi16ELi6EL9ap_q_mode4EL9ap_o_mode0ELi0EEPS2_S4_E1P_1_3_address0  |  out|    1|   ap_memory|  p_ZZ6eclairPK8ap_fixedILi16ELi6EL9ap_q_mode4EL9ap_o_mode0ELi0EEPS2_S4_E1P_1_3|         array|
|p_ZZ6eclairPK8ap_fixedILi16ELi6EL9ap_q_mode4EL9ap_o_mode0ELi0EEPS2_S4_E1P_1_3_ce0       |  out|    1|   ap_memory|  p_ZZ6eclairPK8ap_fixedILi16ELi6EL9ap_q_mode4EL9ap_o_mode0ELi0EEPS2_S4_E1P_1_3|         array|
|p_ZZ6eclairPK8ap_fixedILi16ELi6EL9ap_q_mode4EL9ap_o_mode0ELi0EEPS2_S4_E1P_1_3_q0        |   in|   16|   ap_memory|  p_ZZ6eclairPK8ap_fixedILi16ELi6EL9ap_q_mode4EL9ap_o_mode0ELi0EEPS2_S4_E1P_1_3|         array|
|p_ZZ6eclairPK8ap_fixedILi16ELi6EL9ap_q_mode4EL9ap_o_mode0ELi0EEPS2_S4_E1P_1_3_address1  |  out|    1|   ap_memory|  p_ZZ6eclairPK8ap_fixedILi16ELi6EL9ap_q_mode4EL9ap_o_mode0ELi0EEPS2_S4_E1P_1_3|         array|
|p_ZZ6eclairPK8ap_fixedILi16ELi6EL9ap_q_mode4EL9ap_o_mode0ELi0EEPS2_S4_E1P_1_3_ce1       |  out|    1|   ap_memory|  p_ZZ6eclairPK8ap_fixedILi16ELi6EL9ap_q_mode4EL9ap_o_mode0ELi0EEPS2_S4_E1P_1_3|         array|
|p_ZZ6eclairPK8ap_fixedILi16ELi6EL9ap_q_mode4EL9ap_o_mode0ELi0EEPS2_S4_E1P_1_3_we1       |  out|    1|   ap_memory|  p_ZZ6eclairPK8ap_fixedILi16ELi6EL9ap_q_mode4EL9ap_o_mode0ELi0EEPS2_S4_E1P_1_3|         array|
|p_ZZ6eclairPK8ap_fixedILi16ELi6EL9ap_q_mode4EL9ap_o_mode0ELi0EEPS2_S4_E1P_1_3_d1        |  out|   16|   ap_memory|  p_ZZ6eclairPK8ap_fixedILi16ELi6EL9ap_q_mode4EL9ap_o_mode0ELi0EEPS2_S4_E1P_1_3|         array|
+----------------------------------------------------------------------------------------+-----+-----+------------+-------------------------------------------------------------------------------+--------------+

