

================================================================
== Synthesis Summary Report of 'eclair'
================================================================
+ General Information: 
    * Date:           Mon Nov  3 05:32:14 2025
    * Version:        2024.1 (Build 5069499 on May 21 2024)
    * Project:        eclair
    * Solution:       solution (Vivado IP Flow Target)
    * Product family: virtexuplus
    * Target device:  xcvu13p-flga2577-2-e
    

+ Performance & Resource Estimates: 
    
    PS: '+' for module; 'o' for loop; '*' for dataflow
    +---------------------------------------------+------+------+---------+--------+----------+---------+------+----------+------+----------+------------+-------------+-----+
    |                   Modules                   | Issue|      | Latency | Latency| Iteration|         | Trip |          |      |          |            |             |     |
    |                   & Loops                   | Type | Slack| (cycles)|  (ns)  |  Latency | Interval| Count| Pipelined| BRAM |    DSP   |     FF     |     LUT     | URAM|
    +---------------------------------------------+------+------+---------+--------+----------+---------+------+----------+------+----------+------------+-------------+-----+
    |+ eclair                                     |     -|  0.09|       15|  75.000|         -|       16|     -|        no|     -|  17 (~0%)|  3160 (~0%)|   32898 (1%)|    -|
    | + backward_input_2_1_ap_fixed_16_6_4_0_0_s  |    II|  0.13|        6|  30.000|         -|        4|     -|       yes|     -|   9 (~0%)|  2452 (~0%)|   20423 (1%)|    -|
    | + forward_layer_2_1_s                       |    II|  0.09|        8|  40.000|         -|        1|     -|       yes|     -|   8 (~0%)|   407 (~0%)|  12394 (~0%)|    -|
    +---------------------------------------------+------+------+---------+--------+----------+---------+------+----------+------+----------+------------+-------------+-----+


================================================================
== HW Interfaces
================================================================
* Other Ports
+----------+---------+-----------+----------+
| Port     | Mode    | Direction | Bitwidth |
+----------+---------+-----------+----------+
| feedback | ap_none | in        | 16       |
| input_0  | ap_none | in        | 16       |
| input_1  | ap_none | in        | 16       |
| output_r | ap_vld  | out       | 16       |
+----------+---------+-----------+----------+

* TOP LEVEL CONTROL
+-----------+------------+-----------------------------------+
| Interface | Type       | Ports                             |
+-----------+------------+-----------------------------------+
| ap_clk    | clock      | ap_clk                            |
| ap_rst    | reset      | ap_rst                            |
| ap_ctrl   | ap_ctrl_hs | ap_done ap_idle ap_ready ap_start |
+-----------+------------+-----------------------------------+


================================================================
== SW I/O Information
================================================================
* Top Function Arguments
+----------+-----------+-------------------------------------------------+
| Argument | Direction | Datatype                                        |
+----------+-----------+-------------------------------------------------+
| input    | in        | ap_fixed<16, 6, AP_RND_CONV, AP_SAT, 0> const * |
| output   | out       | ap_fixed<16, 6, AP_RND_CONV, AP_SAT, 0>*        |
| feedback | in        | ap_fixed<16, 6, AP_RND_CONV, AP_SAT, 0> const * |
+----------+-----------+-------------------------------------------------+

* SW-to-HW Mapping
+----------+-----------------+---------+
| Argument | HW Interface    | HW Type |
+----------+-----------------+---------+
| input    | input_0         | port    |
| input    | input_1         | port    |
| output   | output_r        | port    |
| output   | output_r_ap_vld | port    |
| feedback | feedback        | port    |
+----------+-----------------+---------+


================================================================
== Bind Op Report
================================================================
+---------------------------------------------+-----+--------+-------------------+-----------+-----------+---------+
| Name                                        | DSP | Pragma | Variable          | Op        | Impl      | Latency |
+---------------------------------------------+-----+--------+-------------------+-----------+-----------+---------+
| + eclair                                    | 17  |        |                   |           |           |         |
|  + backward_input_2_1_ap_fixed_16_6_4_0_0_s | 9   |        |                   |           |           |         |
|    mul_16s_8ns_24_1_1_U1                    | 1   |        | mul_ln98          | mul       | auto      | 0       |
|    icmp_ln98_fu_15571_p2                    |     |        | icmp_ln98         | setne     | auto      | 0       |
|    or_ln98_fu_15585_p2                      |     |        | or_ln98           | or        | auto      | 0       |
|    and_ln98_fu_15591_p2                     |     |        | and_ln98          | and       | auto      | 0       |
|    delta_1_fu_15601_p2                      |     |        | delta_1           | add       | fabric    | 0       |
|    xor_ln98_fu_15619_p2                     |     |        | xor_ln98          | xor       | auto      | 0       |
|    or_ln98_3_fu_15624_p2                    |     |        | or_ln98_3         | or        | auto      | 0       |
|    xor_ln98_1_fu_15630_p2                   |     |        | xor_ln98_1        | xor       | auto      | 0       |
|    xor_ln98_2_fu_15635_p2                   |     |        | xor_ln98_2        | xor       | auto      | 0       |
|    or_ln98_1_fu_15641_p2                    |     |        | or_ln98_1         | or        | auto      | 0       |
|    and_ln98_1_fu_15647_p2                   |     |        | and_ln98_1        | and       | auto      | 0       |
|    and_ln98_2_fu_15653_p2                   |     |        | and_ln98_2        | and       | auto      | 0       |
|    xor_ln98_3_fu_15658_p2                   |     |        | xor_ln98_3        | xor       | auto      | 0       |
|    and_ln98_3_fu_15664_p2                   |     |        | and_ln98_3        | and       | auto      | 0       |
|    select_ln98_fu_15670_p3                  |     |        | select_ln98       | select    | auto_sel  | 0       |
|    or_ln98_2_fu_15678_p2                    |     |        | or_ln98_2         | or        | auto      | 0       |
|    delta_2_fu_15684_p3                      |     |        | delta_2           | select    | auto_sel  | 0       |
|    sparsemux_513_8_8_1_1_U2                 |     |        | zext_ln108_2_cast | sparsemux | auto      | 0       |
|    mul_16s_8ns_24_1_1_U3                    | 1   |        | mul_ln108         | mul       | auto      | 0       |
|    sparsemux_17_3_16_1_1_U8                 |     |        | tmp_s             | sparsemux | auto      | 0       |
|    sub_ln108_fu_18988_p2                    |     |        | sub_ln108         | sub       | fabric    | 0       |
|    icmp_ln108_fu_18994_p2                   |     |        | icmp_ln108        | seteq     | auto      | 0       |
|    icmp_ln108_2_fu_19030_p2                 |     |        | icmp_ln108_2      | setne     | auto      | 0       |
|    or_ln108_fu_19052_p2                     |     |        | or_ln108          | or        | auto      | 0       |
|    and_ln108_fu_19058_p2                    |     |        | and_ln108         | and       | auto      | 0       |
|    add_ln108_fu_19068_p2                    |     |        | add_ln108         | add       | fabric    | 0       |
|    xor_ln108_fu_22441_p2                    |     |        | xor_ln108         | xor       | auto      | 0       |
|    or_ln108_6_fu_22446_p2                   |     |        | or_ln108_6        | or        | auto      | 0       |
|    xor_ln108_2_fu_22453_p2                  |     |        | xor_ln108_2       | xor       | auto      | 0       |
|    xor_ln108_1_fu_22458_p2                  |     |        | xor_ln108_1       | xor       | auto      | 0       |
|    xor_ln108_3_fu_22463_p2                  |     |        | xor_ln108_3       | xor       | auto      | 0       |
|    or_ln108_1_fu_22469_p2                   |     |        | or_ln108_1        | or        | auto      | 0       |
|    and_ln108_1_fu_22475_p2                  |     |        | and_ln108_1       | and       | auto      | 0       |
|    and_ln108_2_fu_22481_p2                  |     |        | and_ln108_2       | and       | auto      | 0       |
|    xor_ln108_4_fu_22486_p2                  |     |        | xor_ln108_4       | xor       | auto      | 0       |
|    and_ln108_3_fu_22492_p2                  |     |        | and_ln108_3       | and       | auto      | 0       |
|    or_ln108_2_fu_22498_p2                   |     |        | or_ln108_2        | or        | auto      | 0       |
|    sparsemux_513_8_10_1_1_U4                |     |        | zext_ln109_2_cast | sparsemux | auto      | 0       |
|    mul_10ns_16s_26_1_1_U5                   | 1   |        | mul_ln109         | mul       | auto      | 0       |
|    sparsemux_15_3_16_1_1_U16                |     |        | tmp_46            | sparsemux | auto      | 0       |
|    sub_ln109_fu_22554_p2                    |     |        | sub_ln109         | sub       | fabric    | 0       |
|    icmp_ln109_fu_22560_p2                   |     |        | icmp_ln109        | seteq     | auto      | 0       |
|    icmp_ln109_2_fu_22577_p2                 |     |        | icmp_ln109_2      | setne     | auto      | 0       |
|    or_ln109_fu_24848_p2                     |     |        | or_ln109          | or        | auto      | 0       |
|    and_ln109_fu_24853_p2                    |     |        | and_ln109         | and       | auto      | 0       |
|    add_ln109_fu_24863_p2                    |     |        | add_ln109         | add       | fabric    | 0       |
|    xor_ln109_fu_24890_p2                    |     |        | xor_ln109         | xor       | auto      | 0       |
|    or_ln109_6_fu_24896_p2                   |     |        | or_ln109_6        | or        | auto      | 0       |
|    xor_ln109_2_fu_24903_p2                  |     |        | xor_ln109_2       | xor       | auto      | 0       |
|    xor_ln109_1_fu_24908_p2                  |     |        | xor_ln109_1       | xor       | auto      | 0       |
|    xor_ln109_3_fu_24913_p2                  |     |        | xor_ln109_3       | xor       | auto      | 0       |
|    or_ln109_1_fu_24919_p2                   |     |        | or_ln109_1        | or        | auto      | 0       |
|    and_ln109_1_fu_24925_p2                  |     |        | and_ln109_1       | and       | auto      | 0       |
|    and_ln109_2_fu_24931_p2                  |     |        | and_ln109_2       | and       | auto      | 0       |
|    xor_ln109_4_fu_24936_p2                  |     |        | xor_ln109_4       | xor       | auto      | 0       |
|    and_ln109_3_fu_24942_p2                  |     |        | and_ln109_3       | and       | auto      | 0       |
|    or_ln109_2_fu_24948_p2                   |     |        | or_ln109_2        | or        | auto      | 0       |
|    sparsemux_513_8_10_1_1_U9                |     |        | zext_ln110_2_cast | sparsemux | auto      | 0       |
|    mul_10ns_16s_26_1_1_U10                  | 1   |        | mul_ln110         | mul       | auto      | 0       |
|    sparsemux_13_3_16_1_1_U22                |     |        | tmp_47            | sparsemux | auto      | 0       |
|    sub_ln110_fu_25000_p2                    |     |        | sub_ln110         | sub       | fabric    | 0       |
|    icmp_ln110_fu_25006_p2                   |     |        | icmp_ln110        | seteq     | auto      | 0       |
|    icmp_ln110_2_fu_25242_p2                 |     |        | icmp_ln110_2      | setne     | auto      | 0       |
|    or_ln110_fu_25262_p2                     |     |        | or_ln110          | or        | auto      | 0       |
|    and_ln110_fu_25268_p2                    |     |        | and_ln110         | and       | auto      | 0       |
|    add_ln110_fu_25278_p2                    |     |        | add_ln110         | add       | fabric    | 0       |
|    xor_ln110_fu_25303_p2                    |     |        | xor_ln110         | xor       | auto      | 0       |
|    or_ln110_6_fu_25309_p2                   |     |        | or_ln110_6        | or        | auto      | 0       |
|    xor_ln110_2_fu_25316_p2                  |     |        | xor_ln110_2       | xor       | auto      | 0       |
|    xor_ln110_1_fu_25322_p2                  |     |        | xor_ln110_1       | xor       | auto      | 0       |
|    xor_ln110_3_fu_25328_p2                  |     |        | xor_ln110_3       | xor       | auto      | 0       |
|    or_ln110_1_fu_25334_p2                   |     |        | or_ln110_1        | or        | auto      | 0       |
|    and_ln110_1_fu_25340_p2                  |     |        | and_ln110_1       | and       | auto      | 0       |
|    and_ln110_2_fu_25346_p2                  |     |        | and_ln110_2       | and       | auto      | 0       |
|    xor_ln110_4_fu_25352_p2                  |     |        | xor_ln110_4       | xor       | auto      | 0       |
|    and_ln110_3_fu_25358_p2                  |     |        | and_ln110_3       | and       | auto      | 0       |
|    or_ln110_2_fu_25364_p2                   |     |        | or_ln110_2        | or        | auto      | 0       |
|    sparsemux_513_8_8_1_1_U17                |     |        | zext_ln111_2_cast | sparsemux | auto      | 0       |
|    mul_8ns_16s_24_1_1_U18                   | 1   |        | mul_ln111         | mul       | auto      | 0       |
|    sparsemux_11_3_16_1_1_U24                |     |        | tmp_48            | sparsemux | auto      | 0       |
|    sub_ln111_fu_25613_p2                    |     |        | sub_ln111         | sub       | fabric    | 0       |
|    icmp_ln111_fu_25619_p2                   |     |        | icmp_ln111        | seteq     | auto      | 0       |
|    icmp_ln111_2_fu_25655_p2                 |     |        | icmp_ln111_2      | setne     | auto      | 0       |
|    or_ln111_fu_25677_p2                     |     |        | or_ln111          | or        | auto      | 0       |
|    and_ln111_fu_25683_p2                    |     |        | and_ln111         | and       | auto      | 0       |
|    add_ln111_fu_25693_p2                    |     |        | add_ln111         | add       | fabric    | 0       |
|    xor_ln111_fu_25712_p2                    |     |        | xor_ln111         | xor       | auto      | 0       |
|    or_ln111_6_fu_25718_p2                   |     |        | or_ln111_6        | or        | auto      | 0       |
|    xor_ln111_2_fu_25725_p2                  |     |        | xor_ln111_2       | xor       | auto      | 0       |
|    xor_ln111_1_fu_25731_p2                  |     |        | xor_ln111_1       | xor       | auto      | 0       |
|    xor_ln111_3_fu_25737_p2                  |     |        | xor_ln111_3       | xor       | auto      | 0       |
|    or_ln111_1_fu_25743_p2                   |     |        | or_ln111_1        | or        | auto      | 0       |
|    and_ln111_1_fu_25749_p2                  |     |        | and_ln111_1       | and       | auto      | 0       |
|    and_ln111_2_fu_25755_p2                  |     |        | and_ln111_2       | and       | auto      | 0       |
|    xor_ln111_4_fu_25761_p2                  |     |        | xor_ln111_4       | xor       | auto      | 0       |
|    and_ln111_3_fu_25767_p2                  |     |        | and_ln111_3       | and       | auto      | 0       |
|    or_ln111_2_fu_25773_p2                   |     |        | or_ln111_2        | or        | auto      | 0       |
|    sparsemux_513_8_8_1_1_U6                 |     |        | zext_ln108_3_cast | sparsemux | auto      | 0       |
|    mul_8ns_16s_24_1_1_U7                    | 1   |        | mul_ln108_1       | mul       | auto      | 0       |
|    sparsemux_17_3_16_1_1_U11                |     |        | tmp_49            | sparsemux | auto      | 0       |
|    sub_ln108_1_fu_20268_p2                  |     |        | sub_ln108_1       | sub       | fabric    | 0       |
|    icmp_ln108_4_fu_20274_p2                 |     |        | icmp_ln108_4      | seteq     | auto      | 0       |
|    icmp_ln108_6_fu_20310_p2                 |     |        | icmp_ln108_6      | setne     | auto      | 0       |
|    or_ln108_3_fu_20332_p2                   |     |        | or_ln108_3        | or        | auto      | 0       |
|    and_ln108_4_fu_20338_p2                  |     |        | and_ln108_4       | and       | auto      | 0       |
|    add_ln108_1_fu_20348_p2                  |     |        | add_ln108_1       | add       | fabric    | 0       |
|    xor_ln108_5_fu_23630_p2                  |     |        | xor_ln108_5       | xor       | auto      | 0       |
|    or_ln108_7_fu_23635_p2                   |     |        | or_ln108_7        | or        | auto      | 0       |
|    xor_ln108_6_fu_23642_p2                  |     |        | xor_ln108_6       | xor       | auto      | 0       |
|    xor_ln108_7_fu_23647_p2                  |     |        | xor_ln108_7       | xor       | auto      | 0       |
|    xor_ln108_8_fu_23652_p2                  |     |        | xor_ln108_8       | xor       | auto      | 0       |
|    or_ln108_4_fu_23658_p2                   |     |        | or_ln108_4        | or        | auto      | 0       |
|    and_ln108_5_fu_23664_p2                  |     |        | and_ln108_5       | and       | auto      | 0       |
|    and_ln108_6_fu_23670_p2                  |     |        | and_ln108_6       | and       | auto      | 0       |
|    xor_ln108_9_fu_23675_p2                  |     |        | xor_ln108_9       | xor       | auto      | 0       |
|    and_ln108_7_fu_23681_p2                  |     |        | and_ln108_7       | and       | auto      | 0       |
|    or_ln108_5_fu_23687_p2                   |     |        | or_ln108_5        | or        | auto      | 0       |
|    sparsemux_513_8_10_1_1_U12               |     |        | zext_ln109_3_cast | sparsemux | auto      | 0       |
|    mul_10ns_16s_26_1_1_U13                  | 1   |        | mul_ln109_1       | mul       | auto      | 0       |
|    sparsemux_15_3_16_1_1_U19                |     |        | tmp_50            | sparsemux | auto      | 0       |
|    sub_ln109_1_fu_23743_p2                  |     |        | sub_ln109_1       | sub       | fabric    | 0       |
|    icmp_ln109_4_fu_23749_p2                 |     |        | icmp_ln109_4      | seteq     | auto      | 0       |
|    icmp_ln109_5_fu_23766_p2                 |     |        | icmp_ln109_5      | setne     | auto      | 0       |
|    or_ln109_3_fu_25047_p2                   |     |        | or_ln109_3        | or        | auto      | 0       |
|    and_ln109_4_fu_25052_p2                  |     |        | and_ln109_4       | and       | auto      | 0       |
|    add_ln109_1_fu_25062_p2                  |     |        | add_ln109_1       | add       | fabric    | 0       |
|    xor_ln109_5_fu_25089_p2                  |     |        | xor_ln109_5       | xor       | auto      | 0       |
|    or_ln109_7_fu_25095_p2                   |     |        | or_ln109_7        | or        | auto      | 0       |
|    xor_ln109_6_fu_25102_p2                  |     |        | xor_ln109_6       | xor       | auto      | 0       |
|    xor_ln109_7_fu_25107_p2                  |     |        | xor_ln109_7       | xor       | auto      | 0       |
|    xor_ln109_8_fu_25112_p2                  |     |        | xor_ln109_8       | xor       | auto      | 0       |
|    or_ln109_4_fu_25118_p2                   |     |        | or_ln109_4        | or        | auto      | 0       |
|    and_ln109_5_fu_25124_p2                  |     |        | and_ln109_5       | and       | auto      | 0       |
|    and_ln109_6_fu_25130_p2                  |     |        | and_ln109_6       | and       | auto      | 0       |
|    xor_ln109_9_fu_25135_p2                  |     |        | xor_ln109_9       | xor       | auto      | 0       |
|    and_ln109_7_fu_25141_p2                  |     |        | and_ln109_7       | and       | auto      | 0       |
|    or_ln109_5_fu_25147_p2                   |     |        | or_ln109_5        | or        | auto      | 0       |
|    sparsemux_513_8_10_1_1_U14               |     |        | zext_ln110_3_cast | sparsemux | auto      | 0       |
|    mul_10ns_16s_26_1_1_U15                  | 1   |        | mul_ln110_1       | mul       | auto      | 0       |
|    sparsemux_13_3_16_1_1_U23                |     |        | tmp_51            | sparsemux | auto      | 0       |
|    sub_ln110_1_fu_25199_p2                  |     |        | sub_ln110_1       | sub       | fabric    | 0       |
|    icmp_ln110_4_fu_25205_p2                 |     |        | icmp_ln110_4      | seteq     | auto      | 0       |
|    icmp_ln110_5_fu_25435_p2                 |     |        | icmp_ln110_5      | setne     | auto      | 0       |
|    or_ln110_3_fu_25455_p2                   |     |        | or_ln110_3        | or        | auto      | 0       |
|    and_ln110_4_fu_25461_p2                  |     |        | and_ln110_4       | and       | auto      | 0       |
|    add_ln110_1_fu_25471_p2                  |     |        | add_ln110_1       | add       | fabric    | 0       |
|    xor_ln110_5_fu_25496_p2                  |     |        | xor_ln110_5       | xor       | auto      | 0       |
|    or_ln110_7_fu_25502_p2                   |     |        | or_ln110_7        | or        | auto      | 0       |
|    xor_ln110_6_fu_25509_p2                  |     |        | xor_ln110_6       | xor       | auto      | 0       |
|    xor_ln110_7_fu_25515_p2                  |     |        | xor_ln110_7       | xor       | auto      | 0       |
|    xor_ln110_8_fu_25521_p2                  |     |        | xor_ln110_8       | xor       | auto      | 0       |
|    or_ln110_4_fu_25527_p2                   |     |        | or_ln110_4        | or        | auto      | 0       |
|    and_ln110_5_fu_25533_p2                  |     |        | and_ln110_5       | and       | auto      | 0       |
|    and_ln110_6_fu_25539_p2                  |     |        | and_ln110_6       | and       | auto      | 0       |
|    xor_ln110_9_fu_25545_p2                  |     |        | xor_ln110_9       | xor       | auto      | 0       |
|    and_ln110_7_fu_25551_p2                  |     |        | and_ln110_7       | and       | auto      | 0       |
|    or_ln110_5_fu_25557_p2                   |     |        | or_ln110_5        | or        | auto      | 0       |
|    sparsemux_513_8_8_1_1_U20                |     |        | zext_ln111_3_cast | sparsemux | auto      | 0       |
|    mul_8ns_16s_24_1_1_U21                   | 1   |        | mul_ln111_1       | mul       | auto      | 0       |
|    sparsemux_11_3_16_1_1_U25                |     |        | tmp_52            | sparsemux | auto      | 0       |
|    sub_ln111_1_fu_25826_p2                  |     |        | sub_ln111_1       | sub       | fabric    | 0       |
|    icmp_ln111_4_fu_25832_p2                 |     |        | icmp_ln111_4      | seteq     | auto      | 0       |
|    icmp_ln111_5_fu_25868_p2                 |     |        | icmp_ln111_5      | setne     | auto      | 0       |
|    or_ln111_3_fu_25890_p2                   |     |        | or_ln111_3        | or        | auto      | 0       |
|    and_ln111_4_fu_25896_p2                  |     |        | and_ln111_4       | and       | auto      | 0       |
|    add_ln111_1_fu_25906_p2                  |     |        | add_ln111_1       | add       | fabric    | 0       |
|    xor_ln111_5_fu_25925_p2                  |     |        | xor_ln111_5       | xor       | auto      | 0       |
|    or_ln111_7_fu_25931_p2                   |     |        | or_ln111_7        | or        | auto      | 0       |
|    xor_ln111_6_fu_25938_p2                  |     |        | xor_ln111_6       | xor       | auto      | 0       |
|    xor_ln111_7_fu_25944_p2                  |     |        | xor_ln111_7       | xor       | auto      | 0       |
|    xor_ln111_8_fu_25950_p2                  |     |        | xor_ln111_8       | xor       | auto      | 0       |
|    or_ln111_4_fu_25956_p2                   |     |        | or_ln111_4        | or        | auto      | 0       |
|    and_ln111_5_fu_25962_p2                  |     |        | and_ln111_5       | and       | auto      | 0       |
|    and_ln111_6_fu_25968_p2                  |     |        | and_ln111_6       | and       | auto      | 0       |
|    xor_ln111_9_fu_25974_p2                  |     |        | xor_ln111_9       | xor       | auto      | 0       |
|    and_ln111_7_fu_25980_p2                  |     |        | and_ln111_7       | and       | auto      | 0       |
|    or_ln111_5_fu_25986_p2                   |     |        | or_ln111_5        | or        | auto      | 0       |
|  + forward_layer_2_1_s                      | 8   |        |                   |           |           |         |
|    add_ln12_fu_1192_p2                      |     |        | add_ln12          | add       | fabric    | 0       |
|    add_ln12_1_fu_1222_p2                    |     |        | add_ln12_1        | add       | fabric    | 0       |
|    icmp_ln12_fu_1258_p2                     |     |        | icmp_ln12         | setne     | auto      | 0       |
|    or_ln12_fu_1280_p2                       |     |        | or_ln12           | or        | auto      | 0       |
|    and_ln12_fu_1286_p2                      |     |        | and_ln12          | and       | auto      | 0       |
|    t_1_fu_1296_p2                           |     |        | t_1               | add       | fabric    | 0       |
|    xor_ln12_fu_1310_p2                      |     |        | xor_ln12          | xor       | auto      | 0       |
|    and_ln12_1_fu_1316_p2                    |     |        | and_ln12_1        | and       | auto      | 0       |
|    icmp_ln12_1_fu_1340_p2                   |     |        | icmp_ln12_1       | seteq     | auto      | 0       |
|    icmp_ln12_2_fu_1356_p2                   |     |        | icmp_ln12_2       | seteq     | auto      | 0       |
|    icmp_ln12_3_fu_1362_p2                   |     |        | icmp_ln12_3       | seteq     | auto      | 0       |
|    select_ln12_fu_1368_p3                   |     |        | select_ln12       | select    | auto_sel  | 0       |
|    xor_ln12_1_fu_1376_p2                    |     |        | xor_ln12_1        | xor       | auto      | 0       |
|    and_ln12_2_fu_1382_p2                    |     |        | and_ln12_2        | and       | auto      | 0       |
|    select_ln12_1_fu_1388_p3                 |     |        | select_ln12_1     | select    | auto_sel  | 0       |
|    and_ln12_3_fu_1676_p2                    |     |        | and_ln12_3        | and       | auto      | 0       |
|    xor_ln12_2_fu_1680_p2                    |     |        | xor_ln12_2        | xor       | auto      | 0       |
|    empty_fu_1686_p2                         |     |        | empty             | and       | auto      | 0       |
|    xor_ln12_3_fu_1396_p2                    |     |        | xor_ln12_3        | xor       | auto      | 0       |
|    or_ln12_1_fu_1402_p2                     |     |        | or_ln12_1         | or        | auto      | 0       |
|    xor_ln12_4_fu_1408_p2                    |     |        | xor_ln12_4        | xor       | auto      | 0       |
|    and_ln12_4_fu_1414_p2                    |     |        | and_ln12_4        | and       | auto      | 0       |
|    and_ln12_5_fu_1420_p2                    |     |        | and_ln12_5        | and       | auto      | 0       |
|    xor_ln12_5_fu_1426_p2                    |     |        | xor_ln12_5        | xor       | auto      | 0       |
|    and_ln12_6_fu_1691_p2                    |     |        | and_ln12_6        | and       | auto      | 0       |
|    select_ln12_2_fu_1696_p3                 |     |        | select_ln12_2     | select    | auto_sel  | 0       |
|    or_ln12_2_fu_1703_p2                     |     |        | or_ln12_2         | or        | auto      | 0       |
|    t_2_fu_1708_p3                           |     |        | t_2               | select    | auto_sel  | 0       |
|    icmp_ln19_fu_1723_p2                     |     |        | icmp_ln19         | setgt     | auto      | 0       |
|    icmp_ln24_fu_1743_p2                     |     |        | icmp_ln24         | setne     | auto      | 0       |
|    add_ln24_fu_1749_p2                      |     |        | add_ln24          | add       | fabric    | 0       |
|    select_ln24_fu_1755_p3                   |     |        | select_ln24       | select    | auto_sel  | 0       |
|    k_fu_1763_p3                             |     |        | k                 | select    | auto_sel  | 0       |
|    select_ln25_fu_1787_p3                   |     |        | select_ln25       | select    | auto_sel  | 0       |
|    sub_ln25_fu_1803_p2                      |     |        | sub_ln25          | sub       | fabric    | 0       |
|    xor_ln25_fu_1829_p2                      |     |        | xor_ln25          | xor       | auto      | 0       |
|    and_ln25_fu_1835_p2                      |     |        | and_ln25          | and       | auto      | 0       |
|    xor_ln25_1_fu_1841_p2                    |     |        | xor_ln25_1        | xor       | auto      | 0       |
|    u_fu_1895_p6                             |     |        | select_ln25_1     | select    | auto_sel  | 0       |
|    xor_ln15_fu_1855_p2                      |     |        | xor_ln15          | xor       | auto      | 0       |
|    and_ln19_fu_1861_p2                      |     |        | and_ln19          | and       | auto      | 0       |
|    or_ln19_fu_1867_p2                       |     |        | or_ln19           | or        | auto      | 0       |
|    xor_ln19_fu_1873_p2                      |     |        | xor_ln19          | xor       | auto      | 0       |
|    and_ln25_2_fu_1879_p2                    |     |        | and_ln25_2        | and       | auto      | 0       |
|    sparsemux_9_3_16_1_1_U58                 |     |        | u                 | sparsemux | auto      | 0       |
|    sparsemux_7_2_6_1_1_U59                  |     |        | k_1               | sparsemux | auto      | 0       |
|    icmp_ln58_fu_2329_p2                     |     |        | icmp_ln58         | setne     | auto      | 0       |
|    add_ln58_1_fu_2334_p2                    |     |        | add_ln58_1        | add       | fabric    | 0       |
|    select_ln58_fu_2339_p3                   |     |        | select_ln58       | select    | auto_sel  | 0       |
|    ui_fu_2346_p3                            |     |        | ui                | select    | auto_sel  | 0       |
|    sparsemux_513_8_8_1_1_U62                |     |        | b0                | sparsemux | auto      | 0       |
|    sparsemux_513_8_10_1_1_U72               |     |        | b1                | sparsemux | auto      | 0       |
|    sparsemux_513_8_10_1_1_U73               |     |        | b2                | sparsemux | auto      | 0       |
|    sparsemux_513_8_8_1_1_U76                |     |        | b3                | sparsemux | auto      | 0       |
|    sparsemux_13_3_16_1_1_U63                |     |        | tmp_16            | sparsemux | auto      | 0       |
|    mac_muladd_16s_8ns_26s_26_4_1_U80        | 1   |        | mul_ln71          | mul       | dsp_slice | 3       |
|    mac_muladd_16s_8ns_26s_26_4_1_U80        | 1   |        | sext_ln71_1       | sext      | dsp_slice | 3       |
|    sparsemux_13_3_16_1_1_U64                |     |        | tmp_17            | sparsemux | auto      | 0       |
|    mul_16s_10ns_26_1_1_U77                  | 1   |        | mul_ln71_1        | mul       | auto      | 0       |
|    mac_muladd_16s_8ns_26s_26_4_1_U80        | 1   |        | add_ln71          | add       | dsp_slice | 3       |
|    sparsemux_13_3_16_1_1_U65                |     |        | tmp_18            | sparsemux | auto      | 0       |
|    mac_muladd_16s_10ns_26s_27_4_1_U82       | 1   |        | mul_ln71_2        | mul       | dsp_slice | 3       |
|    mac_muladd_16s_10ns_26s_27_4_1_U82       | 1   |        | sext_ln71_5       | sext      | dsp_slice | 3       |
|    mac_muladd_16s_10ns_26s_27_4_1_U82       | 1   |        | add_ln71_1        | add       | dsp_slice | 3       |
|    sparsemux_11_3_16_1_1_U66                |     |        | tmp_19            | sparsemux | auto      | 0       |
|    mac_muladd_16s_8ns_27s_27_4_1_U84        | 1   |        | mul_ln71_3        | mul       | dsp_slice | 3       |
|    mac_muladd_16s_8ns_27s_27_4_1_U84        | 1   |        | sext_ln71_7       | sext      | dsp_slice | 3       |
|    mac_muladd_16s_8ns_27s_27_4_1_U84        | 1   |        | add_ln71_2        | add       | dsp_slice | 3       |
|    icmp_ln71_fu_11050_p2                    |     |        | icmp_ln71         | setne     | auto      | 0       |
|    or_ln71_fu_11070_p2                      |     |        | or_ln71           | or        | auto      | 0       |
|    and_ln71_fu_11076_p2                     |     |        | and_ln71          | and       | auto      | 0       |
|    add_ln71_3_fu_11086_p2                   |     |        | add_ln71_3        | add       | fabric    | 0       |
|    xor_ln71_fu_11100_p2                     |     |        | xor_ln71          | xor       | auto      | 0       |
|    or_ln71_6_fu_11106_p2                    |     |        | or_ln71_6         | or        | auto      | 0       |
|    xor_ln71_2_fu_11112_p2                   |     |        | xor_ln71_2        | xor       | auto      | 0       |
|    xor_ln71_1_fu_11118_p2                   |     |        | xor_ln71_1        | xor       | auto      | 0       |
|    xor_ln71_3_fu_11124_p2                   |     |        | xor_ln71_3        | xor       | auto      | 0       |
|    or_ln71_1_fu_11130_p2                    |     |        | or_ln71_1         | or        | auto      | 0       |
|    and_ln71_1_fu_11136_p2                   |     |        | and_ln71_1        | and       | auto      | 0       |
|    or_ln71_8_fu_11142_p2                    |     |        | or_ln71_8         | or        | auto      | 0       |
|    xor_ln71_4_fu_11148_p2                   |     |        | xor_ln71_4        | xor       | auto      | 0       |
|    and_ln71_2_fu_11154_p2                   |     |        | and_ln71_2        | and       | auto      | 0       |
|    select_ln71_fu_11160_p3                  |     |        | select_ln71       | select    | auto_sel  | 0       |
|    or_ln71_2_fu_11168_p2                    |     |        | or_ln71_2         | or        | auto      | 0       |
|    o_sum_fu_11174_p3                        |     |        | o_sum             | select    | auto_sel  | 0       |
|    add_ln12_2_fu_1436_p2                    |     |        | add_ln12_2        | add       | fabric    | 0       |
|    add_ln12_4_fu_1466_p2                    |     |        | add_ln12_4        | add       | fabric    | 0       |
|    icmp_ln12_4_fu_1502_p2                   |     |        | icmp_ln12_4       | setne     | auto      | 0       |
|    or_ln12_3_fu_1524_p2                     |     |        | or_ln12_3         | or        | auto      | 0       |
|    and_ln12_7_fu_1530_p2                    |     |        | and_ln12_7        | and       | auto      | 0       |
|    t_4_fu_1540_p2                           |     |        | t_4               | add       | fabric    | 0       |
|    xor_ln12_6_fu_1554_p2                    |     |        | xor_ln12_6        | xor       | auto      | 0       |
|    and_ln12_8_fu_1560_p2                    |     |        | and_ln12_8        | and       | auto      | 0       |
|    icmp_ln12_5_fu_1584_p2                   |     |        | icmp_ln12_5       | seteq     | auto      | 0       |
|    icmp_ln12_6_fu_1600_p2                   |     |        | icmp_ln12_6       | seteq     | auto      | 0       |
|    icmp_ln12_7_fu_1606_p2                   |     |        | icmp_ln12_7       | seteq     | auto      | 0       |
|    select_ln12_4_fu_1612_p3                 |     |        | select_ln12_4     | select    | auto_sel  | 0       |
|    xor_ln12_7_fu_1620_p2                    |     |        | xor_ln12_7        | xor       | auto      | 0       |
|    and_ln12_9_fu_1626_p2                    |     |        | and_ln12_9        | and       | auto      | 0       |
|    select_ln12_5_fu_1632_p3                 |     |        | select_ln12_5     | select    | auto_sel  | 0       |
|    and_ln12_10_fu_1999_p2                   |     |        | and_ln12_10       | and       | auto      | 0       |
|    xor_ln12_8_fu_2003_p2                    |     |        | xor_ln12_8        | xor       | auto      | 0       |
|    empty_14_fu_2009_p2                      |     |        | empty_14          | and       | auto      | 0       |
|    xor_ln12_9_fu_1640_p2                    |     |        | xor_ln12_9        | xor       | auto      | 0       |
|    or_ln12_4_fu_1646_p2                     |     |        | or_ln12_4         | or        | auto      | 0       |
|    xor_ln12_10_fu_1652_p2                   |     |        | xor_ln12_10       | xor       | auto      | 0       |
|    and_ln12_11_fu_1658_p2                   |     |        | and_ln12_11       | and       | auto      | 0       |
|    and_ln12_12_fu_1664_p2                   |     |        | and_ln12_12       | and       | auto      | 0       |
|    xor_ln12_11_fu_1670_p2                   |     |        | xor_ln12_11       | xor       | auto      | 0       |
|    and_ln12_13_fu_2014_p2                   |     |        | and_ln12_13       | and       | auto      | 0       |
|    select_ln12_6_fu_2019_p3                 |     |        | select_ln12_6     | select    | auto_sel  | 0       |
|    or_ln12_5_fu_2026_p2                     |     |        | or_ln12_5         | or        | auto      | 0       |
|    t_5_fu_2031_p3                           |     |        | t_5               | select    | auto_sel  | 0       |
|    icmp_ln19_1_fu_2046_p2                   |     |        | icmp_ln19_1       | setgt     | auto      | 0       |
|    icmp_ln24_1_fu_2066_p2                   |     |        | icmp_ln24_1       | setne     | auto      | 0       |
|    add_ln24_1_fu_2072_p2                    |     |        | add_ln24_1        | add       | fabric    | 0       |
|    select_ln24_1_fu_2078_p3                 |     |        | select_ln24_1     | select    | auto_sel  | 0       |
|    k_2_fu_2086_p3                           |     |        | k_2               | select    | auto_sel  | 0       |
|    select_ln25_2_fu_2110_p3                 |     |        | select_ln25_2     | select    | auto_sel  | 0       |
|    sub_ln25_1_fu_2126_p2                    |     |        | sub_ln25_1        | sub       | fabric    | 0       |
|    xor_ln25_2_fu_2152_p2                    |     |        | xor_ln25_2        | xor       | auto      | 0       |
|    and_ln25_1_fu_2158_p2                    |     |        | and_ln25_1        | and       | auto      | 0       |
|    xor_ln25_3_fu_2164_p2                    |     |        | xor_ln25_3        | xor       | auto      | 0       |
|    u_1_fu_2218_p6                           |     |        | select_ln25_3     | select    | auto_sel  | 0       |
|    xor_ln15_1_fu_2178_p2                    |     |        | xor_ln15_1        | xor       | auto      | 0       |
|    and_ln19_1_fu_2184_p2                    |     |        | and_ln19_1        | and       | auto      | 0       |
|    or_ln19_1_fu_2190_p2                     |     |        | or_ln19_1         | or        | auto      | 0       |
|    xor_ln19_1_fu_2196_p2                    |     |        | xor_ln19_1        | xor       | auto      | 0       |
|    and_ln25_3_fu_2202_p2                    |     |        | and_ln25_3        | and       | auto      | 0       |
|    sparsemux_9_3_16_1_1_U60                 |     |        | u_1               | sparsemux | auto      | 0       |
|    sparsemux_7_2_6_1_1_U61                  |     |        | k_3               | sparsemux | auto      | 0       |
|    icmp_ln58_1_fu_3558_p2                   |     |        | icmp_ln58_1       | setne     | auto      | 0       |
|    add_ln58_3_fu_3563_p2                    |     |        | add_ln58_3        | add       | fabric    | 0       |
|    select_ln58_1_fu_3568_p3                 |     |        | select_ln58_1     | select    | auto_sel  | 0       |
|    ui_1_fu_3575_p3                          |     |        | ui_1              | select    | auto_sel  | 0       |
|    sparsemux_513_8_8_1_1_U67                |     |        | b0_1              | sparsemux | auto      | 0       |
|    sparsemux_513_8_10_1_1_U74               |     |        | b1_1              | sparsemux | auto      | 0       |
|    sparsemux_513_8_10_1_1_U75               |     |        | b2_1              | sparsemux | auto      | 0       |
|    sparsemux_513_8_8_1_1_U78                |     |        | b3_1              | sparsemux | auto      | 0       |
|    sparsemux_13_3_16_1_1_U68                |     |        | tmp_42            | sparsemux | auto      | 0       |
|    mac_muladd_16s_8ns_26s_26_4_1_U81        | 1   |        | mul_ln71_4        | mul       | dsp_slice | 3       |
|    mac_muladd_16s_8ns_26s_26_4_1_U81        | 1   |        | sext_ln71_9       | sext      | dsp_slice | 3       |
|    sparsemux_13_3_16_1_1_U69                |     |        | tmp_43            | sparsemux | auto      | 0       |
|    mul_16s_10ns_26_1_1_U79                  | 1   |        | mul_ln71_5        | mul       | auto      | 0       |
|    mac_muladd_16s_8ns_26s_26_4_1_U81        | 1   |        | add_ln71_4        | add       | dsp_slice | 3       |
|    sparsemux_13_3_16_1_1_U70                |     |        | tmp_44            | sparsemux | auto      | 0       |
|    mac_muladd_16s_10ns_26s_27_4_1_U83       | 1   |        | mul_ln71_6        | mul       | dsp_slice | 3       |
|    mac_muladd_16s_10ns_26s_27_4_1_U83       | 1   |        | sext_ln71_13      | sext      | dsp_slice | 3       |
|    mac_muladd_16s_10ns_26s_27_4_1_U83       | 1   |        | add_ln71_5        | add       | dsp_slice | 3       |
|    sparsemux_11_3_16_1_1_U71                |     |        | tmp_45            | sparsemux | auto      | 0       |
|    mac_muladd_16s_8ns_27s_27_4_1_U85        | 1   |        | mul_ln71_7        | mul       | dsp_slice | 3       |
|    mac_muladd_16s_8ns_27s_27_4_1_U85        | 1   |        | sext_ln71_15      | sext      | dsp_slice | 3       |
|    mac_muladd_16s_8ns_27s_27_4_1_U85        | 1   |        | add_ln71_6        | add       | dsp_slice | 3       |
|    icmp_ln71_1_fu_11208_p2                  |     |        | icmp_ln71_1       | setne     | auto      | 0       |
|    or_ln71_3_fu_11228_p2                    |     |        | or_ln71_3         | or        | auto      | 0       |
|    and_ln71_3_fu_11234_p2                   |     |        | and_ln71_3        | and       | auto      | 0       |
|    add_ln71_7_fu_11244_p2                   |     |        | add_ln71_7        | add       | fabric    | 0       |
|    xor_ln71_5_fu_11258_p2                   |     |        | xor_ln71_5        | xor       | auto      | 0       |
|    or_ln71_7_fu_11264_p2                    |     |        | or_ln71_7         | or        | auto      | 0       |
|    xor_ln71_6_fu_11270_p2                   |     |        | xor_ln71_6        | xor       | auto      | 0       |
|    xor_ln71_7_fu_11276_p2                   |     |        | xor_ln71_7        | xor       | auto      | 0       |
|    xor_ln71_8_fu_11282_p2                   |     |        | xor_ln71_8        | xor       | auto      | 0       |
|    or_ln71_4_fu_11288_p2                    |     |        | or_ln71_4         | or        | auto      | 0       |
|    and_ln71_4_fu_11294_p2                   |     |        | and_ln71_4        | and       | auto      | 0       |
|    or_ln71_9_fu_11300_p2                    |     |        | or_ln71_9         | or        | auto      | 0       |
|    xor_ln71_9_fu_11306_p2                   |     |        | xor_ln71_9        | xor       | auto      | 0       |
|    and_ln71_5_fu_11312_p2                   |     |        | and_ln71_5        | and       | auto      | 0       |
|    select_ln71_2_fu_11318_p3                |     |        | select_ln71_2     | select    | auto_sel  | 0       |
|    or_ln71_5_fu_11326_p2                    |     |        | or_ln71_5         | or        | auto      | 0       |
|    select_ln71_3_fu_11332_p3                |     |        | select_ln71_3     | select    | auto_sel  | 0       |
|    o_sum_1_fu_11348_p2                      |     |        | o_sum_1           | add       | fabric    | 0       |
|    add_ln77_1_fu_11354_p2                   |     |        | add_ln77_1        | add       | fabric    | 0       |
|    xor_ln77_fu_11376_p2                     |     |        | xor_ln77          | xor       | auto      | 0       |
|    and_ln77_fu_11381_p2                     |     |        | and_ln77          | and       | auto      | 0       |
|    xor_ln77_1_fu_11386_p2                   |     |        | xor_ln77_1        | xor       | auto      | 0       |
|    select_ln77_fu_11390_p3                  |     |        | select_ln77       | select    | auto_sel  | 0       |
|    ap_return                                |     |        | o_sum_2           | select    | auto_sel  | 0       |
+---------------------------------------------+-----+--------+-------------------+-----------+-----------+---------+


================================================================
== Storage Report
================================================================
  No bind storage info in design

================================================================
== Pragma Report
================================================================
* Valid Pragma Syntax
+-----------------+--------------------------------------+--------------------------------------------------+
| Type            | Options                              | Location                                         |
+-----------------+--------------------------------------+--------------------------------------------------+
| inline          |                                      | ./components.h:9 in cell_index_and_local_u       |
| pipeline        |                                      | ./components.h:36 in forward_layer               |
| unroll          |                                      | ./components.h:41 in forward_layer               |
| array_partition | variable=partial_sums complete dim=0 | ./components.h:45 in forward_layer, partial_sums |
| unroll          |                                      | ./components.h:49 in forward_layer               |
| unroll          |                                      | ./components.h:76 in forward_layer               |
| pipeline        |                                      | ./components.h:91 in backward_input              |
| unroll          |                                      | ./components.h:94 in backward_input              |
| unroll          |                                      | ./components.h:101 in backward_input             |
| pipeline        |                                      | ./components.h:125 in backward                   |
| unroll          |                                      | ./components.h:128 in backward                   |
| unroll          |                                      | ./components.h:133 in backward                   |
| unroll          |                                      | ./components.h:140 in backward                   |
| array_partition | variable=input complete dim=0        | eclair.cpp:12 in eclair, input                   |
| array_partition | variable=output complete dim=0       | eclair.cpp:13 in eclair, output                  |
| array_partition | variable=feedback complete dim=0     | eclair.cpp:14 in eclair, feedback                |
| array_partition | variable=LUT complete dim=0          | eclair.cpp:16 in eclair, LUT                     |
| array_partition | variable=P complete dim=0            | eclair.cpp:17 in eclair, P                       |
| array_partition | variable=C complete dim=0            | eclair.cpp:18 in eclair, C                       |
+-----------------+--------------------------------------+--------------------------------------------------+


