

================================================================
== Synthesis Summary Report of 'eclair'
================================================================
+ General Information: 
    * Date:           Tue Nov 11 04:05:21 2025
    * Version:        2024.1 (Build 5069499 on May 21 2024)
    * Project:        eclair
    * Solution:       solution (Vivado IP Flow Target)
    * Product family: virtexuplus
    * Target device:  xcvu13p-flga2577-2-e
    

+ Performance & Resource Estimates: 
    
    PS: '+' for module; 'o' for loop; '*' for dataflow
    +---------------------------------------------+------+------+---------+--------+----------+---------+------+----------+------+---------+-----------+------------+-----+
    |                   Modules                   | Issue|      | Latency | Latency| Iteration|         | Trip |          |      |         |           |            |     |
    |                   & Loops                   | Type | Slack| (cycles)|  (ns)  |  Latency | Interval| Count| Pipelined| BRAM |   DSP   |     FF    |     LUT    | URAM|
    +---------------------------------------------+------+------+---------+--------+----------+---------+------+----------+------+---------+-----------+------------+-----+
    |+ eclair                                     |     -|  0.11|       14|  70.000|         -|       15|     -|        no|     -|  9 (~0%)|  512 (~0%)|  2679 (~0%)|    -|
    | + backward_input_1_1_ap_fixed_16_6_4_0_0_s  |    II|  0.17|        4|  20.000|         -|        4|     -|       yes|     -|  5 (~0%)|  264 (~0%)|  1161 (~0%)|    -|
    | + forward_layer_1_1_s                       |     -|  0.11|        8|  40.000|         -|        8|     -|        no|     -|  4 (~0%)|  117 (~0%)|   839 (~0%)|    -|
    +---------------------------------------------+------+------+---------+--------+----------+---------+------+----------+------+---------+-----------+------------+-----+


================================================================
== HW Interfaces
================================================================
* Other Ports
+----------+---------+-----------+----------+
| Port     | Mode    | Direction | Bitwidth |
+----------+---------+-----------+----------+
| feedback | ap_none | in        | 16       |
| input_r  | ap_none | in        | 16       |
| output_r | ap_vld  | out       | 16       |
+----------+---------+-----------+----------+

* TOP LEVEL CONTROL
+-----------+------------+-----------------------------------+
| Interface | Type       | Ports                             |
+-----------+------------+-----------------------------------+
| ap_clk    | clock      | ap_clk                            |
| ap_rst    | reset      | ap_rst                            |
| ap_ctrl   | ap_ctrl_hs | ap_done ap_idle ap_ready ap_start |
+-----------+------------+-----------------------------------+


================================================================
== SW I/O Information
================================================================
* Top Function Arguments
+----------+-----------+-------------------------------------------------+
| Argument | Direction | Datatype                                        |
+----------+-----------+-------------------------------------------------+
| input    | in        | ap_fixed<16, 6, AP_RND_CONV, AP_SAT, 0> const * |
| output   | out       | ap_fixed<16, 6, AP_RND_CONV, AP_SAT, 0>*        |
| feedback | in        | ap_fixed<16, 6, AP_RND_CONV, AP_SAT, 0> const * |
+----------+-----------+-------------------------------------------------+

* SW-to-HW Mapping
+----------+-----------------+---------+
| Argument | HW Interface    | HW Type |
+----------+-----------------+---------+
| input    | input_r         | port    |
| output   | output_r        | port    |
| output   | output_r_ap_vld | port    |
| feedback | feedback        | port    |
+----------+-----------------+---------+


================================================================
== Bind Op Report
================================================================
+---------------------------------------------+-----+--------+-----------------+-----------+-----------+---------+
| Name                                        | DSP | Pragma | Variable        | Op        | Impl      | Latency |
+---------------------------------------------+-----+--------+-----------------+-----------+-----------+---------+
| + eclair                                    | 9   |        |                 |           |           |         |
|  + backward_input_1_1_ap_fixed_16_6_4_0_0_s | 5   |        |                 |           |           |         |
|    mul_16s_8ns_24_1_1_U1                    | 1   |        | mul_ln102       | mul       | auto      | 0       |
|    icmp_ln102_fu_382_p2                     |     |        | icmp_ln102      | setne     | auto      | 0       |
|    or_ln102_fu_396_p2                       |     |        | or_ln102        | or        | auto      | 0       |
|    and_ln102_fu_402_p2                      |     |        | and_ln102       | and       | auto      | 0       |
|    delta_1_fu_412_p2                        |     |        | delta_1         | add       | fabric    | 0       |
|    xor_ln102_fu_457_p2                      |     |        | xor_ln102       | xor       | auto      | 0       |
|    or_ln102_2_fu_462_p2                     |     |        | or_ln102_2      | or        | auto      | 0       |
|    xor_ln102_1_fu_468_p2                    |     |        | xor_ln102_1     | xor       | auto      | 0       |
|    xor_ln102_2_fu_473_p2                    |     |        | xor_ln102_2     | xor       | auto      | 0       |
|    or_ln102_1_fu_479_p2                     |     |        | or_ln102_1      | or        | auto      | 0       |
|    and_ln102_1_fu_485_p2                    |     |        | and_ln102_1     | and       | auto      | 0       |
|    delta_2_fu_491_p3                        |     |        | delta_2         | select    | auto_sel  | 0       |
|    mul_16s_8ns_24_1_1_U2                    | 1   |        | mul_ln112       | mul       | auto      | 0       |
|    sparsemux_9_2_16_1_1_U4                  |     |        | tmp_s           | sparsemux | auto      | 0       |
|    sub_ln112_fu_638_p2                      |     |        | sub_ln112       | sub       | fabric    | 0       |
|    icmp_ln112_fu_644_p2                     |     |        | icmp_ln112      | seteq     | auto      | 0       |
|    icmp_ln112_2_fu_680_p2                   |     |        | icmp_ln112_2    | setne     | auto      | 0       |
|    or_ln112_fu_702_p2                       |     |        | or_ln112        | or        | auto      | 0       |
|    and_ln112_fu_708_p2                      |     |        | and_ln112       | and       | auto      | 0       |
|    add_ln112_fu_718_p2                      |     |        | add_ln112       | add       | fabric    | 0       |
|    xor_ln112_fu_976_p2                      |     |        | xor_ln112       | xor       | auto      | 0       |
|    or_ln112_3_fu_981_p2                     |     |        | or_ln112_3      | or        | auto      | 0       |
|    xor_ln112_2_fu_987_p2                    |     |        | xor_ln112_2     | xor       | auto      | 0       |
|    xor_ln112_1_fu_992_p2                    |     |        | xor_ln112_1     | xor       | auto      | 0       |
|    xor_ln112_3_fu_997_p2                    |     |        | xor_ln112_3     | xor       | auto      | 0       |
|    or_ln112_1_fu_1003_p2                    |     |        | or_ln112_1      | or        | auto      | 0       |
|    and_ln112_1_fu_1009_p2                   |     |        | and_ln112_1     | and       | auto      | 0       |
|    or_ln112_4_fu_1015_p2                    |     |        | or_ln112_4      | or        | auto      | 0       |
|    xor_ln112_4_fu_1020_p2                   |     |        | xor_ln112_4     | xor       | auto      | 0       |
|    and_ln112_2_fu_1026_p2                   |     |        | and_ln112_2     | and       | auto      | 0       |
|    or_ln112_2_fu_1031_p2                    |     |        | or_ln112_2      | or        | auto      | 0       |
|    mul_10ns_16s_26_1_1_U3                   | 1   |        | mul_ln113       | mul       | auto      | 0       |
|    add_ln113_fu_534_p2                      |     |        | add_ln113       | add       | fabric    | 0       |
|    sparsemux_9_2_16_1_1_U5                  |     |        | tmp_20          | sparsemux | auto      | 0       |
|    sub_ln113_fu_762_p2                      |     |        | sub_ln113       | sub       | fabric    | 0       |
|    icmp_ln113_fu_768_p2                     |     |        | icmp_ln113      | seteq     | auto      | 0       |
|    icmp_ln113_1_fu_803_p2                   |     |        | icmp_ln113_1    | setne     | auto      | 0       |
|    or_ln113_fu_825_p2                       |     |        | or_ln113        | or        | auto      | 0       |
|    and_ln113_fu_831_p2                      |     |        | and_ln113       | and       | auto      | 0       |
|    add_ln113_1_fu_841_p2                    |     |        | add_ln113_1     | add       | fabric    | 0       |
|    xor_ln113_fu_1044_p2                     |     |        | xor_ln113       | xor       | auto      | 0       |
|    or_ln113_3_fu_1049_p2                    |     |        | or_ln113_3      | or        | auto      | 0       |
|    xor_ln113_2_fu_1055_p2                   |     |        | xor_ln113_2     | xor       | auto      | 0       |
|    xor_ln113_1_fu_1060_p2                   |     |        | xor_ln113_1     | xor       | auto      | 0       |
|    xor_ln113_3_fu_1065_p2                   |     |        | xor_ln113_3     | xor       | auto      | 0       |
|    or_ln113_1_fu_1071_p2                    |     |        | or_ln113_1      | or        | auto      | 0       |
|    and_ln113_1_fu_1077_p2                   |     |        | and_ln113_1     | and       | auto      | 0       |
|    or_ln113_4_fu_1083_p2                    |     |        | or_ln113_4      | or        | auto      | 0       |
|    xor_ln113_4_fu_1088_p2                   |     |        | xor_ln113_4     | xor       | auto      | 0       |
|    and_ln113_2_fu_1094_p2                   |     |        | and_ln113_2     | and       | auto      | 0       |
|    or_ln113_2_fu_1099_p2                    |     |        | or_ln113_2      | or        | auto      | 0       |
|    mul_10ns_16s_26_1_1_U6                   | 1   |        | mul_ln114       | mul       | auto      | 0       |
|    add_ln114_fu_555_p2                      |     |        | add_ln114       | add       | fabric    | 0       |
|    sparsemux_9_2_16_1_1_U7                  |     |        | tmp_21          | sparsemux | auto      | 0       |
|    sub_ln114_fu_894_p2                      |     |        | sub_ln114       | sub       | fabric    | 0       |
|    icmp_ln114_fu_900_p2                     |     |        | icmp_ln114      | seteq     | auto      | 0       |
|    icmp_ln114_1_fu_1131_p2                  |     |        | icmp_ln114_1    | setne     | auto      | 0       |
|    or_ln114_fu_1151_p2                      |     |        | or_ln114        | or        | auto      | 0       |
|    and_ln114_fu_1157_p2                     |     |        | and_ln114       | and       | auto      | 0       |
|    add_ln114_1_fu_1167_p2                   |     |        | add_ln114_1     | add       | fabric    | 0       |
|    xor_ln114_fu_1185_p2                     |     |        | xor_ln114       | xor       | auto      | 0       |
|    or_ln114_3_fu_1191_p2                    |     |        | or_ln114_3      | or        | auto      | 0       |
|    xor_ln114_2_fu_1197_p2                   |     |        | xor_ln114_2     | xor       | auto      | 0       |
|    xor_ln114_1_fu_1203_p2                   |     |        | xor_ln114_1     | xor       | auto      | 0       |
|    xor_ln114_3_fu_1209_p2                   |     |        | xor_ln114_3     | xor       | auto      | 0       |
|    or_ln114_1_fu_1215_p2                    |     |        | or_ln114_1      | or        | auto      | 0       |
|    and_ln114_1_fu_1221_p2                   |     |        | and_ln114_1     | and       | auto      | 0       |
|    or_ln114_4_fu_1227_p2                    |     |        | or_ln114_4      | or        | auto      | 0       |
|    xor_ln114_4_fu_1233_p2                   |     |        | xor_ln114_4     | xor       | auto      | 0       |
|    and_ln114_2_fu_1239_p2                   |     |        | and_ln114_2     | and       | auto      | 0       |
|    or_ln114_2_fu_1245_p2                    |     |        | or_ln114_2      | or        | auto      | 0       |
|    mul_8ns_16s_24_1_1_U8                    | 1   |        | mul_ln115       | mul       | auto      | 0       |
|    add_ln115_fu_576_p2                      |     |        | add_ln115       | add       | fabric    | 0       |
|    sparsemux_9_2_16_1_1_U9                  |     |        | tmp_22          | sparsemux | auto      | 0       |
|    sub_ln115_fu_957_p2                      |     |        | sub_ln115       | sub       | fabric    | 0       |
|    icmp_ln115_fu_963_p2                     |     |        | icmp_ln115      | seteq     | auto      | 0       |
|    icmp_ln115_1_fu_1277_p2                  |     |        | icmp_ln115_1    | setne     | auto      | 0       |
|    or_ln115_fu_1297_p2                      |     |        | or_ln115        | or        | auto      | 0       |
|    and_ln115_fu_1303_p2                     |     |        | and_ln115       | and       | auto      | 0       |
|    add_ln115_1_fu_1313_p2                   |     |        | add_ln115_1     | add       | fabric    | 0       |
|    xor_ln115_fu_1331_p2                     |     |        | xor_ln115       | xor       | auto      | 0       |
|    or_ln115_3_fu_1337_p2                    |     |        | or_ln115_3      | or        | auto      | 0       |
|    xor_ln115_2_fu_1343_p2                   |     |        | xor_ln115_2     | xor       | auto      | 0       |
|    xor_ln115_1_fu_1349_p2                   |     |        | xor_ln115_1     | xor       | auto      | 0       |
|    xor_ln115_3_fu_1355_p2                   |     |        | xor_ln115_3     | xor       | auto      | 0       |
|    or_ln115_1_fu_1361_p2                    |     |        | or_ln115_1      | or        | auto      | 0       |
|    and_ln115_1_fu_1367_p2                   |     |        | and_ln115_1     | and       | auto      | 0       |
|    or_ln115_4_fu_1373_p2                    |     |        | or_ln115_4      | or        | auto      | 0       |
|    xor_ln115_4_fu_1379_p2                   |     |        | xor_ln115_4     | xor       | auto      | 0       |
|    and_ln115_2_fu_1385_p2                   |     |        | and_ln115_2     | and       | auto      | 0       |
|    or_ln115_2_fu_1391_p2                    |     |        | or_ln115_2      | or        | auto      | 0       |
|  + forward_layer_1_1_s                      | 4   |        |                 |           |           |         |
|    add_ln12_fu_384_p2                       |     |        | add_ln12        | add       | fabric    | 0       |
|    add_ln12_1_fu_414_p2                     |     |        | add_ln12_1      | add       | fabric    | 0       |
|    icmp_ln12_fu_450_p2                      |     |        | icmp_ln12       | setne     | auto      | 0       |
|    or_ln12_fu_472_p2                        |     |        | or_ln12         | or        | auto      | 0       |
|    and_ln12_fu_478_p2                       |     |        | and_ln12        | and       | auto      | 0       |
|    t_1_fu_488_p2                            |     |        | t_1             | add       | fabric    | 0       |
|    xor_ln12_fu_502_p2                       |     |        | xor_ln12        | xor       | auto      | 0       |
|    and_ln12_1_fu_508_p2                     |     |        | and_ln12_1      | and       | auto      | 0       |
|    icmp_ln12_1_fu_532_p2                    |     |        | icmp_ln12_1     | seteq     | auto      | 0       |
|    icmp_ln12_2_fu_548_p2                    |     |        | icmp_ln12_2     | seteq     | auto      | 0       |
|    icmp_ln12_3_fu_554_p2                    |     |        | icmp_ln12_3     | seteq     | auto      | 0       |
|    select_ln12_fu_560_p3                    |     |        | select_ln12     | select    | auto_sel  | 0       |
|    xor_ln12_1_fu_568_p2                     |     |        | xor_ln12_1      | xor       | auto      | 0       |
|    and_ln12_2_fu_574_p2                     |     |        | and_ln12_2      | and       | auto      | 0       |
|    select_ln12_1_fu_580_p3                  |     |        | select_ln12_1   | select    | auto_sel  | 0       |
|    and_ln12_3_fu_624_p2                     |     |        | and_ln12_3      | and       | auto      | 0       |
|    xor_ln12_2_fu_628_p2                     |     |        | xor_ln12_2      | xor       | auto      | 0       |
|    empty_fu_634_p2                          |     |        | empty           | and       | auto      | 0       |
|    xor_ln12_3_fu_588_p2                     |     |        | xor_ln12_3      | xor       | auto      | 0       |
|    or_ln12_1_fu_594_p2                      |     |        | or_ln12_1       | or        | auto      | 0       |
|    xor_ln12_4_fu_600_p2                     |     |        | xor_ln12_4      | xor       | auto      | 0       |
|    and_ln12_4_fu_606_p2                     |     |        | and_ln12_4      | and       | auto      | 0       |
|    and_ln12_5_fu_612_p2                     |     |        | and_ln12_5      | and       | auto      | 0       |
|    xor_ln12_5_fu_618_p2                     |     |        | xor_ln12_5      | xor       | auto      | 0       |
|    and_ln12_6_fu_639_p2                     |     |        | and_ln12_6      | and       | auto      | 0       |
|    select_ln12_2_fu_644_p3                  |     |        | select_ln12_2   | select    | auto_sel  | 0       |
|    or_ln12_2_fu_651_p2                      |     |        | or_ln12_2       | or        | auto      | 0       |
|    t_2_fu_656_p3                            |     |        | t_2             | select    | auto_sel  | 0       |
|    icmp_ln19_fu_671_p2                      |     |        | icmp_ln19       | setgt     | auto      | 0       |
|    icmp_ln24_fu_691_p2                      |     |        | icmp_ln24       | setne     | auto      | 0       |
|    add_ln24_fu_697_p2                       |     |        | add_ln24        | add       | fabric    | 0       |
|    select_ln24_fu_703_p3                    |     |        | select_ln24     | select    | auto_sel  | 0       |
|    ref_tmp_i_i_i_0_fu_711_p3                |     |        | ref_tmp_i_i_i_0 | select    | auto_sel  | 0       |
|    select_ln25_fu_739_p3                    |     |        | select_ln25     | select    | auto_sel  | 0       |
|    sub_ln25_fu_755_p2                       |     |        | sub_ln25        | sub       | fabric    | 0       |
|    xor_ln25_fu_781_p2                       |     |        | xor_ln25        | xor       | auto      | 0       |
|    and_ln25_fu_787_p2                       |     |        | and_ln25        | and       | auto      | 0       |
|    xor_ln25_1_fu_793_p2                     |     |        | xor_ln25_1      | xor       | auto      | 0       |
|    u_fu_847_p6                              |     |        | select_ln25_1   | select    | auto_sel  | 0       |
|    xor_ln15_fu_807_p2                       |     |        | xor_ln15        | xor       | auto      | 0       |
|    and_ln19_fu_813_p2                       |     |        | and_ln19        | and       | auto      | 0       |
|    sparsemux_7_2_3_1_1_U29                  |     |        | k               | sparsemux | auto      | 0       |
|    or_ln19_fu_819_p2                        |     |        | or_ln19         | or        | auto      | 0       |
|    xor_ln19_fu_825_p2                       |     |        | xor_ln19        | xor       | auto      | 0       |
|    and_ln25_1_fu_831_p2                     |     |        | and_ln25_1      | and       | auto      | 0       |
|    sparsemux_9_3_16_1_1_U28                 |     |        | u               | sparsemux | auto      | 0       |
|    icmp_ln48_fu_964_p2                      |     |        | icmp_ln48       | setne     | auto      | 0       |
|    add_ln48_1_fu_970_p2                     |     |        | add_ln48_1      | add       | fabric    | 0       |
|    select_ln48_fu_976_p3                    |     |        | select_ln48     | select    | auto_sel  | 0       |
|    ui_fu_984_p3                             |     |        | ui              | select    | auto_sel  | 0       |
|    add_ln75_fu_1016_p2                      |     |        | add_ln75        | add       | fabric    | 0       |
|    add_ln75_1_fu_1037_p2                    |     |        | add_ln75_1      | add       | fabric    | 0       |
|    add_ln75_2_fu_1058_p2                    |     |        | add_ln75_2      | add       | fabric    | 0       |
|    sparsemux_9_2_16_1_1_U30                 |     |        | tmp_16          | sparsemux | auto      | 0       |
|    mac_muladd_16s_8ns_26s_26_4_1_U35        | 1   |        | mul_ln75        | mul       | dsp_slice | 3       |
|    mac_muladd_16s_8ns_26s_26_4_1_U35        | 1   |        | sext_ln75_1     | sext      | dsp_slice | 3       |
|    sparsemux_9_2_16_1_1_U31                 |     |        | tmp_17          | sparsemux | auto      | 0       |
|    mul_16s_10ns_26_1_1_U33                  | 1   |        | mul_ln75_1      | mul       | auto      | 0       |
|    mac_muladd_16s_8ns_26s_26_4_1_U35        | 1   |        | add_ln75_3      | add       | dsp_slice | 3       |
|    sparsemux_9_2_16_1_1_U32                 |     |        | tmp_18          | sparsemux | auto      | 0       |
|    mac_muladd_16s_10ns_26s_27_4_1_U36       | 1   |        | mul_ln75_2      | mul       | dsp_slice | 3       |
|    mac_muladd_16s_10ns_26s_27_4_1_U36       | 1   |        | sext_ln75_5     | sext      | dsp_slice | 3       |
|    mac_muladd_16s_10ns_26s_27_4_1_U36       | 1   |        | add_ln75_4      | add       | dsp_slice | 3       |
|    sparsemux_9_2_16_1_1_U34                 |     |        | tmp_19          | sparsemux | auto      | 0       |
|    mac_muladd_16s_8ns_27s_27_4_1_U37        | 1   |        | mul_ln75_3      | mul       | dsp_slice | 3       |
|    mac_muladd_16s_8ns_27s_27_4_1_U37        | 1   |        | sext_ln75_7     | sext      | dsp_slice | 3       |
|    mac_muladd_16s_8ns_27s_27_4_1_U37        | 1   |        | add_ln75_5      | add       | dsp_slice | 3       |
|    icmp_ln75_fu_1229_p2                     |     |        | icmp_ln75       | setne     | auto      | 0       |
|    or_ln75_fu_1249_p2                       |     |        | or_ln75         | or        | auto      | 0       |
|    and_ln75_fu_1255_p2                      |     |        | and_ln75        | and       | auto      | 0       |
|    add_ln75_6_fu_1265_p2                    |     |        | add_ln75_6      | add       | fabric    | 0       |
|    xor_ln75_fu_1279_p2                      |     |        | xor_ln75        | xor       | auto      | 0       |
|    or_ln75_3_fu_1285_p2                     |     |        | or_ln75_3       | or        | auto      | 0       |
|    xor_ln75_2_fu_1291_p2                    |     |        | xor_ln75_2      | xor       | auto      | 0       |
|    xor_ln75_1_fu_1297_p2                    |     |        | xor_ln75_1      | xor       | auto      | 0       |
|    xor_ln75_3_fu_1303_p2                    |     |        | xor_ln75_3      | xor       | auto      | 0       |
|    or_ln75_1_fu_1309_p2                     |     |        | or_ln75_1       | or        | auto      | 0       |
|    and_ln75_1_fu_1315_p2                    |     |        | and_ln75_1      | and       | auto      | 0       |
|    or_ln75_4_fu_1321_p2                     |     |        | or_ln75_4       | or        | auto      | 0       |
|    xor_ln75_4_fu_1327_p2                    |     |        | xor_ln75_4      | xor       | auto      | 0       |
|    and_ln75_2_fu_1333_p2                    |     |        | and_ln75_2      | and       | auto      | 0       |
|    select_ln75_fu_1339_p3                   |     |        | select_ln75     | select    | auto_sel  | 0       |
|    or_ln75_2_fu_1347_p2                     |     |        | or_ln75_2       | or        | auto      | 0       |
|    o_sum_fu_1353_p3                         |     |        | o_sum           | select    | auto_sel  | 0       |
+---------------------------------------------+-----+--------+-----------------+-----------+-----------+---------+


================================================================
== Storage Report
================================================================
+------------------------------------------------------------------+--------+------+------+------+--------+--------------------------------------------------------------+--------+---------+------------------+
| Name                                                             | Usage  | Type | BRAM | URAM | Pragma | Variable                                                     | Impl   | Latency | Bitwidth, Depth, |
|                                                                  |        |      |      |      |        |                                                              |        |         | Banks            |
+------------------------------------------------------------------+--------+------+------+------+--------+--------------------------------------------------------------+--------+---------+------------------+
| + eclair                                                         |        |      | 0    | 0    |        |                                                              |        |         |                  |
|   LUT_B0_U                                                       | rom_1p |      |      |      | pragma | LUT_B0                                                       | lutram | 1       | 8, 256, 1        |
|   eclair_ap_fixed_const_ap_fixed_ap_fixed_16_6_4_0_0_const_P_3_U | ram_2p |      |      |      | pragma | eclair_ap_fixed_const_ap_fixed_ap_fixed_16_6_4_0_0_const_P_3 | lutram | 1       | 16, 2, 1         |
|   eclair_ap_fixed_const_ap_fixed_ap_fixed_16_6_4_0_0_const_P_2_U | ram_2p |      |      |      | pragma | eclair_ap_fixed_const_ap_fixed_ap_fixed_16_6_4_0_0_const_P_2 | lutram | 1       | 16, 2, 1         |
|   eclair_ap_fixed_const_ap_fixed_ap_fixed_16_6_4_0_0_const_P_1_U | ram_2p |      |      |      | pragma | eclair_ap_fixed_const_ap_fixed_ap_fixed_16_6_4_0_0_const_P_1 | lutram | 1       | 16, 2, 1         |
|   eclair_ap_fixed_const_ap_fixed_ap_fixed_16_6_4_0_0_const_P_U   | ram_2p |      |      |      | pragma | eclair_ap_fixed_const_ap_fixed_ap_fixed_16_6_4_0_0_const_P   | lutram | 1       | 16, 2, 1         |
|   LUT_B1_U                                                       | rom_1p |      |      |      | pragma | LUT_B1                                                       | lutram | 1       | 10, 256, 1       |
|   LUT_B2_U                                                       | rom_1p |      |      |      | pragma | LUT_B2                                                       | lutram | 1       | 10, 256, 1       |
|   LUT_B3_U                                                       | rom_1p |      |      |      | pragma | LUT_B3                                                       | lutram | 1       | 8, 256, 1        |
+------------------------------------------------------------------+--------+------+------+------+--------+--------------------------------------------------------------+--------+---------+------------------+


================================================================
== Pragma Report
================================================================
* Valid Pragma Syntax
+-----------------+------------------------------------------+--------------------------------------------------+
| Type            | Options                                  | Location                                         |
+-----------------+------------------------------------------+--------------------------------------------------+
| inline          |                                          | ./components.h:9 in cell_index_and_local_u       |
| array_partition | variable=k_arr complete                  | ./components.h:40 in forward_layer, k_arr        |
| array_partition | variable=ui_arr complete                 | ./components.h:41 in forward_layer, ui_arr       |
| unroll          |                                          | ./components.h:45 in forward_layer               |
| pipeline        |                                          | ./components.h:54 in forward_layer               |
| array_partition | variable=partial_sums complete dim=0     | ./components.h:58 in forward_layer, partial_sums |
| unroll          |                                          | ./components.h:62 in forward_layer               |
| unroll          |                                          | ./components.h:80 in forward_layer               |
| pipeline        |                                          | ./components.h:95 in backward_input              |
| unroll          |                                          | ./components.h:98 in backward_input              |
| unroll          |                                          | ./components.h:105 in backward_input             |
| pipeline        |                                          | ./components.h:129 in backward                   |
| unroll          |                                          | ./components.h:132 in backward                   |
| unroll          |                                          | ./components.h:137 in backward                   |
| unroll          |                                          | ./components.h:144 in backward                   |
| array_partition | variable=input complete dim=0            | eclair.cpp:12 in eclair, input                   |
| array_partition | variable=output complete dim=0           | eclair.cpp:13 in eclair, output                  |
| array_partition | variable=feedback complete dim=0         | eclair.cpp:14 in eclair, feedback                |
| bind_storage    | variable=LUT.B0 type=rom_1p impl=lutram  | eclair.cpp:17 in eclair, LUT.B0                  |
| bind_storage    | variable=LUT.dB0 type=rom_1p impl=lutram | eclair.cpp:18 in eclair, LUT.dB0                 |
| bind_storage    | variable=LUT.B1 type=rom_1p impl=lutram  | eclair.cpp:19 in eclair, LUT.B1                  |
| bind_storage    | variable=LUT.dB1 type=rom_1p impl=lutram | eclair.cpp:20 in eclair, LUT.dB1                 |
| bind_storage    | variable=LUT.B2 type=rom_1p impl=lutram  | eclair.cpp:21 in eclair, LUT.B2                  |
| bind_storage    | variable=LUT.dB2 type=rom_1p impl=lutram | eclair.cpp:22 in eclair, LUT.dB2                 |
| bind_storage    | variable=LUT.B3 type=rom_1p impl=lutram  | eclair.cpp:23 in eclair, LUT.B3                  |
| bind_storage    | variable=LUT.dB3 type=rom_1p impl=lutram | eclair.cpp:24 in eclair, LUT.dB3                 |
| bind_storage    | variable=P.L0.Ws type=ram_2p impl=lutram | eclair.cpp:27 in eclair, P.L0.Ws                 |
| array_partition | variable=P.L0.Ws complete dim=1          | eclair.cpp:28 in eclair, P.L0.Ws                 |
| array_partition | variable=P.L0.Ws complete dim=2          | eclair.cpp:29 in eclair, P.L0.Ws                 |
| array_partition | variable=P.L0.Ws cyclic factor=4 dim=3   | eclair.cpp:30 in eclair, P.L0.Ws                 |
| array_partition | variable=C.C0.k complete                 | eclair.cpp:33 in eclair, C.C0.k                  |
| array_partition | variable=C.C0.u_index complete           | eclair.cpp:34 in eclair, C.C0.u_index            |
+-----------------+------------------------------------------+--------------------------------------------------+


