================================================================
== Design Size Report
================================================================

* Total Instructions per Compilation Phase
+---------------+-----------------------------+--------------+----------------------------------------------------------------------------------------+
| Phase         | Step                        | Instructions | Description                                                                            |
+---------------+-----------------------------+--------------+----------------------------------------------------------------------------------------+
| Compile/Link  |                             | 4,585        | After all functions are compiled and linked into a single design                       |
|               |                             |              |                                                                                        |
| Unroll/Inline |                             |              | After user unroll and inline pragmas are applied                                       |
|               | (1) unroll                  | 1,904        | user unroll pragmas are applied                                                        |
|               | (2) simplification          | 1,033        | simplification of applied user unroll pragmas                                          |
|               | (3) inline                  |   988        | user inline pragmas are applied                                                        |
|               | (4) simplification          |   780        | simplification of applied user inline pragmas                                          |
|               |                             |              |                                                                                        |
| Array/Struct  |                             |              | After user array partition and struct aggregate/disaggregate pragmas are applied       |
|               | (1) array partition         | 3,344        | user array partition pragmas are applied                                               |
|               | (2) simplification          | 1,549        | simplification of applied user array partition & struct aggregate/disaggregate pragmas |
|               | (3) aggregate/disaggregate  | 1,549        | user struct aggregate/disaggregate pragmas are applied                                 |
|               | (4) array reshape           | 1,549        | apply array reshape pragmas                                                            |
|               | (5) access patterns         | 1,547        | array access pattern optmizations                                                      |
|               |                             |              |                                                                                        |
| Performance   |                             |              | After transformations are applied to meet performance pragma targets                   |
|               | (1) loop simplification     | 1,547        | loop and instruction simplification                                                    |
|               | (2) parallelization         | 1,547        | loops are unrolled or pipelined to meet performance targets                            |
|               | (3) array partition         | 1,555        | arrays are partitioned to meet performance targets                                     |
|               | (4) simplification          | 1,555        | simplification of design after performance transformations                             |
|               |                             |              |                                                                                        |
| HW Transforms |                             |              | After hardware transfomations                                                          |
|               | (1) lowering                | 1,579        | initial conversion to HW specific instructions                                         |
|               | (2) optimizations           | 1,585        | high level synthesis optimizations                                                     |
+---------------+-----------------------------+--------------+----------------------------------------------------------------------------------------+

* Instructions per Function for each Compilation Phase
+--------------------------------+-----------------+--------------+---------------+--------------+-------------+---------------+
| Function                       | Location        | Compile/Link | Unroll/Inline | Array/Struct | Performance | HW Transforms |
+--------------------------------+-----------------+--------------+---------------+--------------+-------------+---------------+
| + eclair                       | eclair.cpp:5    | 4,585        | 780           | 1,547        | 1,555       | 1,585         |
|    backward_input<4, 2, float> | components.h:90 |   95         | 310           |  725         |  723        |  724          |
|  + forward_layer<4, 2>         | components.h:30 | 4,437        | 452           |  710         |  718        |  723          |
|     cell_index_and_local_u     | components.h:8  | 2,151        |               |              |             |               |
+--------------------------------+-----------------+--------------+---------------+--------------+-------------+---------------+

* Design Size Message Settings
+---------------------------------------------+--------+------------------------------------------------------------------+
| Message Setting                             | Value  | Description                                                      |
+---------------------------------------------+--------+------------------------------------------------------------------+
| config_compile -design_size_maximum_warning | 100000 | Show a warning when total design instructions exceeds this value |
+---------------------------------------------+--------+------------------------------------------------------------------+


